DFA Table:
     <  ",   (,   ),   +,   -,   0,   1,   2,   3,   4,   5,   6,   7,   8,   9,   ;,   <,   =,   >,   A,   B,   C,   D,   E,   F,   G,   H,   I,   J,   K,   L,   M,   N,   O,   P,   Q,   R,   S,   T,   U,   V,   W,   X,   Y,   Z,   a,   b,   c,   d,   e,   f,   g,   h,   i,   j,   k,   l,   m,   n,   o,   p,   q,   r,   s,   t,   u,   v,   w,   x,   y,   z,   {,   }>
  0: [  1,   3,   4,   2,   5,   9,   8,   7,   6,  13,  12,  11,  10,  16,  15,  14,  19,  18,  17,  20,  20,  20,  20,  20,  21,  20,  20,  20,  20,  20,  20,  20,  20,  20,  22,  20,  20,  20,  20,  20,  20,  20,  20,  20,  20,  29,  27,  28,  25,  26,  23,  24,  36,  37,  34,  35,  32,  33,  30,  31,  45,  44,  43,  42,  41,  40,  39,  38,  50,  49,  48,  47,  46] -
  1: [ 51,  20,  20,  20,  20,  55,  54,  53,  52,  59,  58,  57,  56,  61,  60,  20,  20,  20,  20,  66,  67,  68,  62,  63,  64,  65,  73,  74,  75,  76,  69,  70,  71,  72,  82,  81,  84,  83,  78,  77,  80,  79,  86,  85,  87,  94,  92,  93,  90,  91,  88,  89, 101, 102,  99, 100,  97,  98,  95,  96, 110, 109, 108, 107, 106, 105, 104, 103, 113, 112, 111,  20,  20]
  2: [ 20,  20,  20, 114,  20,  20,  20,  20,  20,  20,  20,  20,  20,  20,  20,  20,  20,  20,  20,  20,  20,  20,  20,  20,  20,  20,  20,  20,  20,  20,  20,  20,  20,  20,  20,  20,  20,  20,  20,  20,  20,  20,  20,  20,  20,  20,  20,  20,  20,  20,  20,  20,  20,  20,  20,  20,  20,  20,  20,  20,  20,  20,  20,  20,  20,  20,  20,  20,  20,  20,  20,  20,  20] * ADD
  3: [ 20,  20,  20,  20,  20,  20,  20,  20,  20,  20,  20,  20,  20,  20,  20,  20,  20,  20,  20,  20,  20,  20,  20,  20,  20,  20,  20,  20,  20,  20,  20,  20,  20,  20,  20,  20,  20,  20,  20,  20,  20,  20,  20,  20,  20,  20,  20,  20,  20,  20,  20,  20,  20,  20,  20,  20,  20,  20,  20,  20,  20,  20,  20,  20,  20,  20,  20,  20,  20,  20,  20,  20,  20] * PARENL
  4: [ 20,  20,  20,  20,  20,  20,  20,  20,  20,  20,  20,  20,  20,  20,  20,  20,  20,  20,  20,  20,  20,  20,  20,  20,  20,  20,  20,  20,  20,  20,  20,  20,  20,  20,  20,  20,  20,  20,  20,  20,  20,  20,  20,  20,  20,  20,  20,  20,  20,  20,  20,  20,  20,  20,  20,  20,  20,  20,  20,  20,  20,  20,  20,  20,  20,  20,  20,  20,  20,  20,  20,  20,  20] * PARENR
  5: [ 20,  20,  20,  20, 115,  20,  20,  20,  20,  20,  20,  20,  20,  20,  20,  20,  20,  20,  20,  20,  20,  20,  20,  20,  20,  20,  20,  20,  20,  20,  20,  20,  20,  20,  20,  20,  20,  20,  20,  20,  20,  20,  20,  20,  20,  20,  20,  20,  20,  20,  20,  20,  20,  20,  20,  20,  20,  20,  20,  20,  20,  20,  20,  20,  20,  20,  20,  20,  20,  20,  20,  20,  20] * SUB
  6: [ 20,  20,  20,  20,  20, 119, 118, 117, 116, 123, 122, 121, 120, 125, 124,  20,  20,  20,  20,  20,  20,  20,  20,  20,  20,  20,  20,  20,  20,  20,  20,  20,  20,  20,  20,  20,  20,  20,  20,  20,  20,  20,  20,  20,  20,  20,  20,  20,  20,  20,  20,  20,  20,  20,  20,  20,  20,  20,  20,  20,  20,  20,  20,  20,  20,  20,  20,  20,  20,  20,  20,  20,  20] * INT
  7: [ 20,  20,  20,  20,  20, 119, 118, 117, 116, 123, 122, 121, 120, 125, 124,  20,  20,  20,  20,  20,  20,  20,  20,  20,  20,  20,  20,  20,  20,  20,  20,  20,  20,  20,  20,  20,  20,  20,  20,  20,  20,  20,  20,  20,  20,  20,  20,  20,  20,  20,  20,  20,  20,  20,  20,  20,  20,  20,  20,  20,  20,  20,  20,  20,  20,  20,  20,  20,  20,  20,  20,  20,  20] * INT
  8: [ 20,  20,  20,  20,  20, 119, 118, 117, 116, 123, 122, 121, 120, 125, 124,  20,  20,  20,  20,  20,  20,  20,  20,  20,  20,  20,  20,  20,  20,  20,  20,  20,  20,  20,  20,  20,  20,  20,  20,  20,  20,  20,  20,  20,  20,  20,  20,  20,  20,  20,  20,  20,  20,  20,  20,  20,  20,  20,  20,  20,  20,  20,  20,  20,  20,  20,  20,  20,  20,  20,  20,  20,  20] * INT
  9: [ 20,  20,  20,  20,  20, 129, 128, 127, 126, 133, 132, 131, 130,  20,  20,  20,  20,  20,  20,  20,  20,  20,  20,  20,  20,  20,  20,  20,  20,  20,  20,  20,  20,  20,  20,  20,  20,  20,  20,  20,  20,  20,  20,  20,  20,  20,  20,  20,  20,  20,  20,  20,  20,  20,  20,  20,  20,  20,  20,  20,  20,  20,  20,  20,  20,  20,  20,  20, 134,  20,  20,  20,  20] * INT
 10: [ 20,  20,  20,  20,  20, 119, 118, 117, 116, 123, 122, 121, 120, 125, 124,  20,  20,  20,  20,  20,  20,  20,  20,  20,  20,  20,  20,  20,  20,  20,  20,  20,  20,  20,  20,  20,  20,  20,  20,  20,  20,  20,  20,  20,  20,  20,  20,  20,  20,  20,  20,  20,  20,  20,  20,  20,  20,  20,  20,  20,  20,  20,  20,  20,  20,  20,  20,  20,  20,  20,  20,  20,  20] * INT
 11: [ 20,  20,  20,  20,  20, 119, 118, 117, 116, 123, 122, 121, 120, 125, 124,  20,  20,  20,  20,  20,  20,  20,  20,  20,  20,  20,  20,  20,  20,  20,  20,  20,  20,  20,  20,  20,  20,  20,  20,  20,  20,  20,  20,  20,  20,  20,  20,  20,  20,  20,  20,  20,  20,  20,  20,  20,  20,  20,  20,  20,  20,  20,  20,  20,  20,  20,  20,  20,  20,  20,  20,  20,  20] * INT
 12: [ 20,  20,  20,  20,  20, 119, 118, 117, 116, 123, 122, 121, 120, 125, 124,  20,  20,  20,  20,  20,  20,  20,  20,  20,  20,  20,  20,  20,  20,  20,  20,  20,  20,  20,  20,  20,  20,  20,  20,  20,  20,  20,  20,  20,  20,  20,  20,  20,  20,  20,  20,  20,  20,  20,  20,  20,  20,  20,  20,  20,  20,  20,  20,  20,  20,  20,  20,  20,  20,  20,  20,  20,  20] * INT
 13: [ 20,  20,  20,  20,  20, 119, 118, 117, 116, 123, 122, 121, 120, 125, 124,  20,  20,  20,  20,  20,  20,  20,  20,  20,  20,  20,  20,  20,  20,  20,  20,  20,  20,  20,  20,  20,  20,  20,  20,  20,  20,  20,  20,  20,  20,  20,  20,  20,  20,  20,  20,  20,  20,  20,  20,  20,  20,  20,  20,  20,  20,  20,  20,  20,  20,  20,  20,  20,  20,  20,  20,  20,  20] * INT
 14: [ 20,  20,  20,  20,  20,  20,  20,  20,  20,  20,  20,  20,  20,  20,  20,  20,  20,  20,  20,  20,  20,  20,  20,  20,  20,  20,  20,  20,  20,  20,  20,  20,  20,  20,  20,  20,  20,  20,  20,  20,  20,  20,  20,  20,  20,  20,  20,  20,  20,  20,  20,  20,  20,  20,  20,  20,  20,  20,  20,  20,  20,  20,  20,  20,  20,  20,  20,  20,  20,  20,  20,  20,  20] * SEMICOLON
 15: [ 20,  20,  20,  20,  20, 119, 118, 117, 116, 123, 122, 121, 120, 125, 124,  20,  20,  20,  20,  20,  20,  20,  20,  20,  20,  20,  20,  20,  20,  20,  20,  20,  20,  20,  20,  20,  20,  20,  20,  20,  20,  20,  20,  20,  20,  20,  20,  20,  20,  20,  20,  20,  20,  20,  20,  20,  20,  20,  20,  20,  20,  20,  20,  20,  20,  20,  20,  20,  20,  20,  20,  20,  20] * INT
 16: [ 20,  20,  20,  20,  20, 119, 118, 117, 116, 123, 122, 121, 120, 125, 124,  20,  20,  20,  20,  20,  20,  20,  20,  20,  20,  20,  20,  20,  20,  20,  20,  20,  20,  20,  20,  20,  20,  20,  20,  20,  20,  20,  20,  20,  20,  20,  20,  20,  20,  20,  20,  20,  20,  20,  20,  20,  20,  20,  20,  20,  20,  20,  20,  20,  20,  20,  20,  20,  20,  20,  20,  20,  20] * INT
 17: [ 20,  20,  20,  20,  20,  20,  20,  20,  20,  20,  20,  20,  20,  20,  20,  20,  20, 135,  20,  20,  20,  20,  20,  20,  20,  20,  20,  20,  20,  20,  20,  20,  20,  20,  20,  20,  20,  20,  20,  20,  20,  20,  20,  20,  20,  20,  20,  20,  20,  20,  20,  20,  20,  20,  20,  20,  20,  20,  20,  20,  20,  20,  20,  20,  20,  20,  20,  20,  20,  20,  20,  20,  20] * GREATER
 18: [ 20,  20,  20,  20,  20,  20,  20,  20,  20,  20,  20,  20,  20,  20,  20,  20,  20,  20,  20,  20,  20,  20,  20,  20,  20,  20,  20,  20,  20,  20,  20,  20,  20,  20,  20,  20,  20,  20,  20,  20,  20,  20,  20,  20,  20,  20,  20,  20,  20,  20,  20,  20,  20,  20,  20,  20,  20,  20,  20,  20,  20,  20,  20,  20,  20,  20,  20,  20,  20,  20,  20,  20,  20] * EQUALS
 19: [ 20,  20,  20,  20,  20,  20,  20,  20,  20,  20,  20,  20,  20,  20,  20,  20,  20, 136,  20,  20,  20,  20,  20,  20,  20,  20,  20,  20,  20,  20,  20,  20,  20,  20,  20,  20,  20,  20,  20,  20,  20,  20,  20,  20,  20,  20,  20,  20,  20,  20,  20,  20,  20,  20,  20,  20,  20,  20,  20,  20,  20,  20,  20,  20,  20,  20,  20,  20,  20,  20,  20,  20,  20] * LESS
 20: [ 20,  20,  20,  20,  20,  20,  20,  20,  20,  20,  20,  20,  20,  20,  20,  20,  20,  20,  20,  20,  20,  20,  20,  20,  20,  20,  20,  20,  20,  20,  20,  20,  20,  20,  20,  20,  20,  20,  20,  20,  20,  20,  20,  20,  20,  20,  20,  20,  20,  20,  20,  20,  20,  20,  20,  20,  20,  20,  20,  20,  20,  20,  20,  20,  20,  20,  20,  20,  20,  20,  20,  20,  20]
 21: [ 20,  20,  20,  20,  20,  20,  20,  20,  20,  20,  20,  20,  20,  20,  20,  20,  20,  20,  20,  20,  20,  20,  20,  20,  20,  20,  20,  20,  20,  20,  20,  20,  20, 137,  20,  20,  20,  20,  20,  20,  20,  20,  20,  20,  20,  20,  20,  20,  20,  20,  20,  20,  20,  20,  20,  20,  20,  20,  20,  20,  20,  20,  20,  20,  20,  20,  20,  20,  20,  20,  20,  20,  20]
 22: [ 20,  20,  20,  20,  20,  20,  20,  20,  20,  20,  20,  20,  20,  20,  20,  20,  20,  20,  20,  20,  20,  20,  20,  20,  20,  20,  20,  20,  20,  20,  20,  20,  20,  20,  20,  20, 138,  20,  20,  20,  20,  20,  20,  20,  20,  20,  20,  20,  20,  20,  20,  20,  20,  20,  20,  20,  20,  20,  20,  20,  20,  20,  20,  20,  20,  20,  20,  20,  20,  20,  20,  20,  20]
 23: [ 20,  20,  20,  20,  20,  20,  20,  20,  20,  20,  20,  20,  20,  20,  20,  20,  20,  20,  20,  20,  20,  20,  20,  20,  20,  20,  20,  20,  20,  20,  20,  20,  20,  20,  20,  20,  20,  20,  20,  20,  20,  20,  20,  20,  20, 145, 143, 144, 141, 142, 139, 140, 152, 153, 150, 151, 148, 149, 146, 147, 161, 160, 159, 158, 157, 156, 155, 154, 164, 163, 162,  20,  20] * VAR
 24: [ 20,  20,  20,  20,  20,  20,  20,  20,  20,  20,  20,  20,  20,  20,  20,  20,  20,  20,  20,  20,  20,  20,  20,  20,  20,  20,  20,  20,  20,  20,  20,  20,  20,  20,  20,  20,  20,  20,  20,  20,  20,  20,  20,  20,  20, 145, 143, 144, 141, 142, 139, 140, 152, 153, 150, 151, 148, 149, 146, 147, 161, 160, 159, 158, 157, 156, 155, 154, 164, 163, 162,  20,  20] * VAR
 25: [ 20,  20,  20,  20,  20,  20,  20,  20,  20,  20,  20,  20,  20,  20,  20,  20,  20,  20,  20,  20,  20,  20,  20,  20,  20,  20,  20,  20,  20,  20,  20,  20,  20,  20,  20,  20,  20,  20,  20,  20,  20,  20,  20,  20,  20, 145, 143, 144, 141, 142, 139, 140, 152, 153, 150, 151, 148, 149, 146, 147, 161, 160, 159, 158, 157, 156, 155, 154, 164, 163, 162,  20,  20] * VAR
 26: [ 20,  20,  20,  20,  20,  20,  20,  20,  20,  20,  20,  20,  20,  20,  20,  20,  20,  20,  20,  20,  20,  20,  20,  20,  20,  20,  20,  20,  20,  20,  20,  20,  20,  20,  20,  20,  20,  20,  20,  20,  20,  20,  20,  20,  20, 145, 143, 144, 141, 142, 139, 140, 152, 153, 150, 151, 148, 149, 146, 147, 161, 160, 159, 158, 157, 156, 155, 154, 164, 163, 162,  20,  20] * VAR
 27: [ 20,  20,  20,  20,  20,  20,  20,  20,  20,  20,  20,  20,  20,  20,  20,  20,  20,  20,  20,  20,  20,  20,  20,  20,  20,  20,  20,  20,  20,  20,  20,  20,  20,  20,  20,  20,  20,  20,  20,  20,  20,  20,  20,  20,  20, 145, 143, 144, 141, 142, 139, 140, 152, 153, 150, 151, 148, 149, 146, 147, 161, 160, 159, 158, 157, 156, 155, 154, 164, 163, 162,  20,  20] * VAR
 28: [ 20,  20,  20,  20,  20,  20,  20,  20,  20,  20,  20,  20,  20,  20,  20,  20,  20,  20,  20,  20,  20,  20,  20,  20,  20,  20,  20,  20,  20,  20,  20,  20,  20,  20,  20,  20,  20,  20,  20,  20,  20,  20,  20,  20,  20, 145, 143, 144, 141, 142, 139, 140, 152, 153, 150, 151, 148, 149, 146, 147, 161, 160, 159, 158, 157, 156, 155, 154, 164, 163, 162,  20,  20] * VAR
 29: [ 20,  20,  20,  20,  20,  20,  20,  20,  20,  20,  20,  20,  20,  20,  20,  20,  20,  20,  20,  20,  20,  20,  20,  20,  20,  20,  20,  20,  20,  20,  20,  20,  20,  20,  20,  20,  20,  20,  20,  20,  20,  20,  20,  20,  20, 145, 143, 144, 141, 142, 139, 140, 152, 153, 150, 151, 148, 149, 146, 147, 161, 160, 159, 158, 157, 156, 155, 154, 164, 163, 162,  20,  20] * VAR
 30: [ 20,  20,  20,  20,  20,  20,  20,  20,  20,  20,  20,  20,  20,  20,  20,  20,  20,  20,  20,  20,  20,  20,  20,  20,  20,  20,  20,  20,  20,  20,  20,  20,  20,  20,  20,  20,  20,  20,  20,  20,  20,  20,  20,  20,  20, 145, 143, 144, 141, 142, 139, 140, 152, 153, 150, 151, 148, 149, 146, 147, 161, 160, 159, 158, 157, 156, 155, 154, 164, 163, 162,  20,  20] * VAR
 31: [ 20,  20,  20,  20,  20,  20,  20,  20,  20,  20,  20,  20,  20,  20,  20,  20,  20,  20,  20,  20,  20,  20,  20,  20,  20,  20,  20,  20,  20,  20,  20,  20,  20,  20,  20,  20,  20,  20,  20,  20,  20,  20,  20,  20,  20, 145, 143, 144, 141, 142, 139, 140, 152, 153, 150, 151, 148, 149, 146, 147, 161, 160, 159, 158, 157, 156, 155, 154, 164, 163, 162,  20,  20] * VAR
 32: [ 20,  20,  20,  20,  20,  20,  20,  20,  20,  20,  20,  20,  20,  20,  20,  20,  20,  20,  20,  20,  20,  20,  20,  20,  20,  20,  20,  20,  20,  20,  20,  20,  20,  20,  20,  20,  20,  20,  20,  20,  20,  20,  20,  20,  20, 145, 143, 144, 141, 142, 139, 140, 152, 153, 150, 151, 148, 149, 146, 147, 161, 160, 159, 158, 157, 156, 155, 154, 164, 163, 162,  20,  20] * VAR
 33: [ 20,  20,  20,  20,  20,  20,  20,  20,  20,  20,  20,  20,  20,  20,  20,  20,  20,  20,  20,  20,  20,  20,  20,  20,  20,  20,  20,  20,  20,  20,  20,  20,  20,  20,  20,  20,  20,  20,  20,  20,  20,  20,  20,  20,  20, 145, 143, 144, 141, 142, 139, 140, 152, 153, 150, 151, 148, 149, 146, 147, 161, 160, 159, 158, 157, 156, 155, 154, 164, 163, 162,  20,  20] * VAR
 34: [ 20,  20,  20,  20,  20,  20,  20,  20,  20,  20,  20,  20,  20,  20,  20,  20,  20,  20,  20,  20,  20,  20,  20,  20,  20,  20,  20,  20,  20,  20,  20,  20,  20,  20,  20,  20,  20,  20,  20,  20,  20,  20,  20,  20,  20, 145, 143, 144, 141, 142, 139, 140, 152, 153, 150, 151, 148, 149, 146, 147, 161, 160, 159, 158, 157, 156, 155, 154, 164, 163, 162,  20,  20] * VAR
 35: [ 20,  20,  20,  20,  20,  20,  20,  20,  20,  20,  20,  20,  20,  20,  20,  20,  20,  20,  20,  20,  20,  20,  20,  20,  20,  20,  20,  20,  20,  20,  20,  20,  20,  20,  20,  20,  20,  20,  20,  20,  20,  20,  20,  20,  20, 145, 143, 144, 141, 142, 139, 140, 152, 153, 150, 151, 148, 149, 146, 147, 161, 160, 159, 158, 157, 156, 155, 154, 164, 163, 162,  20,  20] * VAR
 36: [ 20,  20,  20,  20,  20,  20,  20,  20,  20,  20,  20,  20,  20,  20,  20,  20,  20,  20,  20,  20,  20,  20,  20,  20,  20,  20,  20,  20,  20,  20,  20,  20,  20,  20,  20,  20,  20,  20,  20,  20,  20,  20,  20,  20,  20, 145, 143, 144, 141, 142, 139, 140, 152, 153, 150, 151, 148, 149, 146, 147, 161, 160, 159, 158, 157, 156, 155, 154, 164, 163, 162,  20,  20] * VAR
 37: [ 20,  20,  20,  20,  20,  20,  20,  20,  20,  20,  20,  20,  20,  20,  20,  20,  20,  20,  20,  20,  20,  20,  20,  20,  20,  20,  20,  20,  20,  20,  20,  20,  20,  20,  20,  20,  20,  20,  20,  20,  20,  20,  20,  20,  20, 145, 143, 144, 141, 142, 139, 140, 152, 153, 150, 151, 148, 149, 146, 147, 161, 160, 159, 158, 157, 156, 155, 154, 164, 163, 162,  20,  20] * VAR
 38: [ 20,  20,  20,  20,  20,  20,  20,  20,  20,  20,  20,  20,  20,  20,  20,  20,  20,  20,  20,  20,  20,  20,  20,  20,  20,  20,  20,  20,  20,  20,  20,  20,  20,  20,  20,  20,  20,  20,  20,  20,  20,  20,  20,  20,  20, 145, 143, 144, 141, 142, 139, 140, 152, 153, 150, 151, 148, 149, 146, 147, 161, 160, 159, 158, 157, 156, 155, 154, 164, 163, 162,  20,  20] * VAR
 39: [ 20,  20,  20,  20,  20,  20,  20,  20,  20,  20,  20,  20,  20,  20,  20,  20,  20,  20,  20,  20,  20,  20,  20,  20,  20,  20,  20,  20,  20,  20,  20,  20,  20,  20,  20,  20,  20,  20,  20,  20,  20,  20,  20,  20,  20, 145, 143, 144, 141, 142, 139, 140, 152, 153, 150, 151, 148, 149, 146, 147, 161, 160, 159, 158, 157, 156, 155, 154, 164, 163, 162,  20,  20] * VAR
 40: [ 20,  20,  20,  20,  20,  20,  20,  20,  20,  20,  20,  20,  20,  20,  20,  20,  20,  20,  20,  20,  20,  20,  20,  20,  20,  20,  20,  20,  20,  20,  20,  20,  20,  20,  20,  20,  20,  20,  20,  20,  20,  20,  20,  20,  20, 145, 143, 144, 141, 142, 139, 140, 152, 153, 150, 151, 148, 149, 146, 147, 161, 160, 159, 158, 157, 156, 155, 154, 164, 163, 162,  20,  20] * VAR
 41: [ 20,  20,  20,  20,  20,  20,  20,  20,  20,  20,  20,  20,  20,  20,  20,  20,  20,  20,  20,  20,  20,  20,  20,  20,  20,  20,  20,  20,  20,  20,  20,  20,  20,  20,  20,  20,  20,  20,  20,  20,  20,  20,  20,  20,  20, 145, 143, 144, 141, 142, 139, 140, 152, 153, 150, 151, 148, 149, 146, 147, 161, 160, 159, 158, 157, 156, 155, 154, 164, 163, 162,  20,  20] * VAR
 42: [ 20,  20,  20,  20,  20,  20,  20,  20,  20,  20,  20,  20,  20,  20,  20,  20,  20,  20,  20,  20,  20,  20,  20,  20,  20,  20,  20,  20,  20,  20,  20,  20,  20,  20,  20,  20,  20,  20,  20,  20,  20,  20,  20,  20,  20, 145, 143, 144, 141, 142, 139, 140, 152, 153, 150, 151, 148, 149, 146, 147, 161, 160, 159, 158, 157, 156, 155, 154, 164, 163, 162,  20,  20] * VAR
 43: [ 20,  20,  20,  20,  20,  20,  20,  20,  20,  20,  20,  20,  20,  20,  20,  20,  20,  20,  20,  20,  20,  20,  20,  20,  20,  20,  20,  20,  20,  20,  20,  20,  20,  20,  20,  20,  20,  20,  20,  20,  20,  20,  20,  20,  20, 145, 143, 144, 141, 142, 139, 140, 152, 153, 150, 151, 148, 149, 146, 147, 161, 160, 159, 158, 157, 156, 155, 154, 164, 163, 162,  20,  20] * VAR
 44: [ 20,  20,  20,  20,  20,  20,  20,  20,  20,  20,  20,  20,  20,  20,  20,  20,  20,  20,  20,  20,  20,  20,  20,  20,  20,  20,  20,  20,  20,  20,  20,  20,  20,  20,  20,  20,  20,  20,  20,  20,  20,  20,  20,  20,  20, 145, 143, 144, 141, 142, 139, 140, 152, 153, 150, 151, 148, 149, 146, 147, 161, 160, 159, 158, 157, 156, 155, 154, 164, 163, 162,  20,  20] * VAR
 45: [ 20,  20,  20,  20,  20,  20,  20,  20,  20,  20,  20,  20,  20,  20,  20,  20,  20,  20,  20,  20,  20,  20,  20,  20,  20,  20,  20,  20,  20,  20,  20,  20,  20,  20,  20,  20,  20,  20,  20,  20,  20,  20,  20,  20,  20, 145, 143, 144, 141, 142, 139, 140, 152, 153, 150, 151, 148, 149, 146, 147, 161, 160, 159, 158, 157, 156, 155, 154, 164, 163, 162,  20,  20] * VAR
 46: [ 20,  20,  20,  20,  20,  20,  20,  20,  20,  20,  20,  20,  20,  20,  20,  20,  20,  20,  20,  20,  20,  20,  20,  20,  20,  20,  20,  20,  20,  20,  20,  20,  20,  20,  20,  20,  20,  20,  20,  20,  20,  20,  20,  20,  20,  20,  20,  20,  20,  20,  20,  20,  20,  20,  20,  20,  20,  20,  20,  20,  20,  20,  20,  20,  20,  20,  20,  20,  20,  20,  20,  20,  20] * CURLYR
 47: [ 20,  20,  20,  20,  20,  20,  20,  20,  20,  20,  20,  20,  20,  20,  20,  20,  20,  20,  20,  20,  20,  20,  20,  20,  20,  20,  20,  20,  20,  20,  20,  20,  20,  20,  20,  20,  20,  20,  20,  20,  20,  20,  20,  20,  20,  20,  20,  20,  20,  20,  20,  20,  20,  20,  20,  20,  20,  20,  20,  20,  20,  20,  20,  20,  20,  20,  20,  20,  20,  20,  20,  20,  20] * CURLYL
 48: [ 20,  20,  20,  20,  20,  20,  20,  20,  20,  20,  20,  20,  20,  20,  20,  20,  20,  20,  20,  20,  20,  20,  20,  20,  20,  20,  20,  20,  20,  20,  20,  20,  20,  20,  20,  20,  20,  20,  20,  20,  20,  20,  20,  20,  20, 145, 143, 144, 141, 142, 139, 140, 152, 153, 150, 151, 148, 149, 146, 147, 161, 160, 159, 158, 157, 156, 155, 154, 164, 163, 162,  20,  20] * VAR
 49: [ 20,  20,  20,  20,  20,  20,  20,  20,  20,  20,  20,  20,  20,  20,  20,  20,  20,  20,  20,  20,  20,  20,  20,  20,  20,  20,  20,  20,  20,  20,  20,  20,  20,  20,  20,  20,  20,  20,  20,  20,  20,  20,  20,  20,  20, 145, 143, 144, 141, 142, 139, 140, 152, 153, 150, 151, 148, 149, 146, 147, 161, 160, 159, 158, 157, 156, 155, 154, 164, 163, 162,  20,  20] * VAR
 50: [ 20,  20,  20,  20,  20,  20,  20,  20,  20,  20,  20,  20,  20,  20,  20,  20,  20,  20,  20,  20,  20,  20,  20,  20,  20,  20,  20,  20,  20,  20,  20,  20,  20,  20,  20,  20,  20,  20,  20,  20,  20,  20,  20,  20,  20, 145, 143, 144, 141, 142, 139, 140, 152, 153, 150, 151, 148, 149, 146, 147, 161, 160, 159, 158, 157, 156, 155, 154, 164, 163, 162,  20,  20] * VAR
 51: [ 20,  20,  20,  20,  20,  20,  20,  20,  20,  20,  20,  20,  20,  20,  20,  20,  20,  20,  20,  20,  20,  20,  20,  20,  20,  20,  20,  20,  20,  20,  20,  20,  20,  20,  20,  20,  20,  20,  20,  20,  20,  20,  20,  20,  20,  20,  20,  20,  20,  20,  20,  20,  20,  20,  20,  20,  20,  20,  20,  20,  20,  20,  20,  20,  20,  20,  20,  20,  20,  20,  20,  20,  20] * STRING
 52: [ 51,  20,  20,  20,  20,  55,  54,  53,  52,  59,  58,  57,  56,  61,  60,  20,  20,  20,  20,  66,  67,  68,  62,  63,  64,  65,  73,  74,  75,  76,  69,  70,  71,  72,  82,  81,  84,  83,  78,  77,  80,  79,  86,  85,  87,  94,  92,  93,  90,  91,  88,  89, 101, 102,  99, 100,  97,  98,  95,  96, 110, 109, 108, 107, 106, 105, 104, 103, 113, 112, 111,  20,  20]
 53: [ 51,  20,  20,  20,  20,  55,  54,  53,  52,  59,  58,  57,  56,  61,  60,  20,  20,  20,  20,  66,  67,  68,  62,  63,  64,  65,  73,  74,  75,  76,  69,  70,  71,  72,  82,  81,  84,  83,  78,  77,  80,  79,  86,  85,  87,  94,  92,  93,  90,  91,  88,  89, 101, 102,  99, 100,  97,  98,  95,  96, 110, 109, 108, 107, 106, 105, 104, 103, 113, 112, 111,  20,  20]
 54: [ 51,  20,  20,  20,  20,  55,  54,  53,  52,  59,  58,  57,  56,  61,  60,  20,  20,  20,  20,  66,  67,  68,  62,  63,  64,  65,  73,  74,  75,  76,  69,  70,  71,  72,  82,  81,  84,  83,  78,  77,  80,  79,  86,  85,  87,  94,  92,  93,  90,  91,  88,  89, 101, 102,  99, 100,  97,  98,  95,  96, 110, 109, 108, 107, 106, 105, 104, 103, 113, 112, 111,  20,  20]
 55: [ 51,  20,  20,  20,  20,  55,  54,  53,  52,  59,  58,  57,  56,  61,  60,  20,  20,  20,  20,  66,  67,  68,  62,  63,  64,  65,  73,  74,  75,  76,  69,  70,  71,  72,  82,  81,  84,  83,  78,  77,  80,  79,  86,  85,  87,  94,  92,  93,  90,  91,  88,  89, 101, 102,  99, 100,  97,  98,  95,  96, 110, 109, 108, 107, 106, 105, 104, 103, 113, 112, 111,  20,  20]
 56: [ 51,  20,  20,  20,  20,  55,  54,  53,  52,  59,  58,  57,  56,  61,  60,  20,  20,  20,  20,  66,  67,  68,  62,  63,  64,  65,  73,  74,  75,  76,  69,  70,  71,  72,  82,  81,  84,  83,  78,  77,  80,  79,  86,  85,  87,  94,  92,  93,  90,  91,  88,  89, 101, 102,  99, 100,  97,  98,  95,  96, 110, 109, 108, 107, 106, 105, 104, 103, 113, 112, 111,  20,  20]
 57: [ 51,  20,  20,  20,  20,  55,  54,  53,  52,  59,  58,  57,  56,  61,  60,  20,  20,  20,  20,  66,  67,  68,  62,  63,  64,  65,  73,  74,  75,  76,  69,  70,  71,  72,  82,  81,  84,  83,  78,  77,  80,  79,  86,  85,  87,  94,  92,  93,  90,  91,  88,  89, 101, 102,  99, 100,  97,  98,  95,  96, 110, 109, 108, 107, 106, 105, 104, 103, 113, 112, 111,  20,  20]
 58: [ 51,  20,  20,  20,  20,  55,  54,  53,  52,  59,  58,  57,  56,  61,  60,  20,  20,  20,  20,  66,  67,  68,  62,  63,  64,  65,  73,  74,  75,  76,  69,  70,  71,  72,  82,  81,  84,  83,  78,  77,  80,  79,  86,  85,  87,  94,  92,  93,  90,  91,  88,  89, 101, 102,  99, 100,  97,  98,  95,  96, 110, 109, 108, 107, 106, 105, 104, 103, 113, 112, 111,  20,  20]
 59: [ 51,  20,  20,  20,  20,  55,  54,  53,  52,  59,  58,  57,  56,  61,  60,  20,  20,  20,  20,  66,  67,  68,  62,  63,  64,  65,  73,  74,  75,  76,  69,  70,  71,  72,  82,  81,  84,  83,  78,  77,  80,  79,  86,  85,  87,  94,  92,  93,  90,  91,  88,  89, 101, 102,  99, 100,  97,  98,  95,  96, 110, 109, 108, 107, 106, 105, 104, 103, 113, 112, 111,  20,  20]
 60: [ 51,  20,  20,  20,  20,  55,  54,  53,  52,  59,  58,  57,  56,  61,  60,  20,  20,  20,  20,  66,  67,  68,  62,  63,  64,  65,  73,  74,  75,  76,  69,  70,  71,  72,  82,  81,  84,  83,  78,  77,  80,  79,  86,  85,  87,  94,  92,  93,  90,  91,  88,  89, 101, 102,  99, 100,  97,  98,  95,  96, 110, 109, 108, 107, 106, 105, 104, 103, 113, 112, 111,  20,  20]
 61: [ 51,  20,  20,  20,  20,  55,  54,  53,  52,  59,  58,  57,  56,  61,  60,  20,  20,  20,  20,  66,  67,  68,  62,  63,  64,  65,  73,  74,  75,  76,  69,  70,  71,  72,  82,  81,  84,  83,  78,  77,  80,  79,  86,  85,  87,  94,  92,  93,  90,  91,  88,  89, 101, 102,  99, 100,  97,  98,  95,  96, 110, 109, 108, 107, 106, 105, 104, 103, 113, 112, 111,  20,  20]
 62: [ 51,  20,  20,  20,  20,  55,  54,  53,  52,  59,  58,  57,  56,  61,  60,  20,  20,  20,  20,  66,  67,  68,  62,  63,  64,  65,  73,  74,  75,  76,  69,  70,  71,  72,  82,  81,  84,  83,  78,  77,  80,  79,  86,  85,  87,  94,  92,  93,  90,  91,  88,  89, 101, 102,  99, 100,  97,  98,  95,  96, 110, 109, 108, 107, 106, 105, 104, 103, 113, 112, 111,  20,  20]
 63: [ 51,  20,  20,  20,  20,  55,  54,  53,  52,  59,  58,  57,  56,  61,  60,  20,  20,  20,  20,  66,  67,  68,  62,  63,  64,  65,  73,  74,  75,  76,  69,  70,  71,  72,  82,  81,  84,  83,  78,  77,  80,  79,  86,  85,  87,  94,  92,  93,  90,  91,  88,  89, 101, 102,  99, 100,  97,  98,  95,  96, 110, 109, 108, 107, 106, 105, 104, 103, 113, 112, 111,  20,  20]
 64: [ 51,  20,  20,  20,  20,  55,  54,  53,  52,  59,  58,  57,  56,  61,  60,  20,  20,  20,  20,  66,  67,  68,  62,  63,  64,  65,  73,  74,  75,  76,  69,  70,  71,  72,  82,  81,  84,  83,  78,  77,  80,  79,  86,  85,  87,  94,  92,  93,  90,  91,  88,  89, 101, 102,  99, 100,  97,  98,  95,  96, 110, 109, 108, 107, 106, 105, 104, 103, 113, 112, 111,  20,  20]
 65: [ 51,  20,  20,  20,  20,  55,  54,  53,  52,  59,  58,  57,  56,  61,  60,  20,  20,  20,  20,  66,  67,  68,  62,  63,  64,  65,  73,  74,  75,  76,  69,  70,  71,  72,  82,  81,  84,  83,  78,  77,  80,  79,  86,  85,  87,  94,  92,  93,  90,  91,  88,  89, 101, 102,  99, 100,  97,  98,  95,  96, 110, 109, 108, 107, 106, 105, 104, 103, 113, 112, 111,  20,  20]
 66: [ 51,  20,  20,  20,  20,  55,  54,  53,  52,  59,  58,  57,  56,  61,  60,  20,  20,  20,  20,  66,  67,  68,  62,  63,  64,  65,  73,  74,  75,  76,  69,  70,  71,  72,  82,  81,  84,  83,  78,  77,  80,  79,  86,  85,  87,  94,  92,  93,  90,  91,  88,  89, 101, 102,  99, 100,  97,  98,  95,  96, 110, 109, 108, 107, 106, 105, 104, 103, 113, 112, 111,  20,  20]
 67: [ 51,  20,  20,  20,  20,  55,  54,  53,  52,  59,  58,  57,  56,  61,  60,  20,  20,  20,  20,  66,  67,  68,  62,  63,  64,  65,  73,  74,  75,  76,  69,  70,  71,  72,  82,  81,  84,  83,  78,  77,  80,  79,  86,  85,  87,  94,  92,  93,  90,  91,  88,  89, 101, 102,  99, 100,  97,  98,  95,  96, 110, 109, 108, 107, 106, 105, 104, 103, 113, 112, 111,  20,  20]
 68: [ 51,  20,  20,  20,  20,  55,  54,  53,  52,  59,  58,  57,  56,  61,  60,  20,  20,  20,  20,  66,  67,  68,  62,  63,  64,  65,  73,  74,  75,  76,  69,  70,  71,  72,  82,  81,  84,  83,  78,  77,  80,  79,  86,  85,  87,  94,  92,  93,  90,  91,  88,  89, 101, 102,  99, 100,  97,  98,  95,  96, 110, 109, 108, 107, 106, 105, 104, 103, 113, 112, 111,  20,  20]
 69: [ 51,  20,  20,  20,  20,  55,  54,  53,  52,  59,  58,  57,  56,  61,  60,  20,  20,  20,  20,  66,  67,  68,  62,  63,  64,  65,  73,  74,  75,  76,  69,  70,  71,  72,  82,  81,  84,  83,  78,  77,  80,  79,  86,  85,  87,  94,  92,  93,  90,  91,  88,  89, 101, 102,  99, 100,  97,  98,  95,  96, 110, 109, 108, 107, 106, 105, 104, 103, 113, 112, 111,  20,  20]
 70: [ 51,  20,  20,  20,  20,  55,  54,  53,  52,  59,  58,  57,  56,  61,  60,  20,  20,  20,  20,  66,  67,  68,  62,  63,  64,  65,  73,  74,  75,  76,  69,  70,  71,  72,  82,  81,  84,  83,  78,  77,  80,  79,  86,  85,  87,  94,  92,  93,  90,  91,  88,  89, 101, 102,  99, 100,  97,  98,  95,  96, 110, 109, 108, 107, 106, 105, 104, 103, 113, 112, 111,  20,  20]
 71: [ 51,  20,  20,  20,  20,  55,  54,  53,  52,  59,  58,  57,  56,  61,  60,  20,  20,  20,  20,  66,  67,  68,  62,  63,  64,  65,  73,  74,  75,  76,  69,  70,  71,  72,  82,  81,  84,  83,  78,  77,  80,  79,  86,  85,  87,  94,  92,  93,  90,  91,  88,  89, 101, 102,  99, 100,  97,  98,  95,  96, 110, 109, 108, 107, 106, 105, 104, 103, 113, 112, 111,  20,  20]
 72: [ 51,  20,  20,  20,  20,  55,  54,  53,  52,  59,  58,  57,  56,  61,  60,  20,  20,  20,  20,  66,  67,  68,  62,  63,  64,  65,  73,  74,  75,  76,  69,  70,  71,  72,  82,  81,  84,  83,  78,  77,  80,  79,  86,  85,  87,  94,  92,  93,  90,  91,  88,  89, 101, 102,  99, 100,  97,  98,  95,  96, 110, 109, 108, 107, 106, 105, 104, 103, 113, 112, 111,  20,  20]
 73: [ 51,  20,  20,  20,  20,  55,  54,  53,  52,  59,  58,  57,  56,  61,  60,  20,  20,  20,  20,  66,  67,  68,  62,  63,  64,  65,  73,  74,  75,  76,  69,  70,  71,  72,  82,  81,  84,  83,  78,  77,  80,  79,  86,  85,  87,  94,  92,  93,  90,  91,  88,  89, 101, 102,  99, 100,  97,  98,  95,  96, 110, 109, 108, 107, 106, 105, 104, 103, 113, 112, 111,  20,  20]
 74: [ 51,  20,  20,  20,  20,  55,  54,  53,  52,  59,  58,  57,  56,  61,  60,  20,  20,  20,  20,  66,  67,  68,  62,  63,  64,  65,  73,  74,  75,  76,  69,  70,  71,  72,  82,  81,  84,  83,  78,  77,  80,  79,  86,  85,  87,  94,  92,  93,  90,  91,  88,  89, 101, 102,  99, 100,  97,  98,  95,  96, 110, 109, 108, 107, 106, 105, 104, 103, 113, 112, 111,  20,  20]
 75: [ 51,  20,  20,  20,  20,  55,  54,  53,  52,  59,  58,  57,  56,  61,  60,  20,  20,  20,  20,  66,  67,  68,  62,  63,  64,  65,  73,  74,  75,  76,  69,  70,  71,  72,  82,  81,  84,  83,  78,  77,  80,  79,  86,  85,  87,  94,  92,  93,  90,  91,  88,  89, 101, 102,  99, 100,  97,  98,  95,  96, 110, 109, 108, 107, 106, 105, 104, 103, 113, 112, 111,  20,  20]
 76: [ 51,  20,  20,  20,  20,  55,  54,  53,  52,  59,  58,  57,  56,  61,  60,  20,  20,  20,  20,  66,  67,  68,  62,  63,  64,  65,  73,  74,  75,  76,  69,  70,  71,  72,  82,  81,  84,  83,  78,  77,  80,  79,  86,  85,  87,  94,  92,  93,  90,  91,  88,  89, 101, 102,  99, 100,  97,  98,  95,  96, 110, 109, 108, 107, 106, 105, 104, 103, 113, 112, 111,  20,  20]
 77: [ 51,  20,  20,  20,  20,  55,  54,  53,  52,  59,  58,  57,  56,  61,  60,  20,  20,  20,  20,  66,  67,  68,  62,  63,  64,  65,  73,  74,  75,  76,  69,  70,  71,  72,  82,  81,  84,  83,  78,  77,  80,  79,  86,  85,  87,  94,  92,  93,  90,  91,  88,  89, 101, 102,  99, 100,  97,  98,  95,  96, 110, 109, 108, 107, 106, 105, 104, 103, 113, 112, 111,  20,  20]
 78: [ 51,  20,  20,  20,  20,  55,  54,  53,  52,  59,  58,  57,  56,  61,  60,  20,  20,  20,  20,  66,  67,  68,  62,  63,  64,  65,  73,  74,  75,  76,  69,  70,  71,  72,  82,  81,  84,  83,  78,  77,  80,  79,  86,  85,  87,  94,  92,  93,  90,  91,  88,  89, 101, 102,  99, 100,  97,  98,  95,  96, 110, 109, 108, 107, 106, 105, 104, 103, 113, 112, 111,  20,  20]
 79: [ 51,  20,  20,  20,  20,  55,  54,  53,  52,  59,  58,  57,  56,  61,  60,  20,  20,  20,  20,  66,  67,  68,  62,  63,  64,  65,  73,  74,  75,  76,  69,  70,  71,  72,  82,  81,  84,  83,  78,  77,  80,  79,  86,  85,  87,  94,  92,  93,  90,  91,  88,  89, 101, 102,  99, 100,  97,  98,  95,  96, 110, 109, 108, 107, 106, 105, 104, 103, 113, 112, 111,  20,  20]
 80: [ 51,  20,  20,  20,  20,  55,  54,  53,  52,  59,  58,  57,  56,  61,  60,  20,  20,  20,  20,  66,  67,  68,  62,  63,  64,  65,  73,  74,  75,  76,  69,  70,  71,  72,  82,  81,  84,  83,  78,  77,  80,  79,  86,  85,  87,  94,  92,  93,  90,  91,  88,  89, 101, 102,  99, 100,  97,  98,  95,  96, 110, 109, 108, 107, 106, 105, 104, 103, 113, 112, 111,  20,  20]
 81: [ 51,  20,  20,  20,  20,  55,  54,  53,  52,  59,  58,  57,  56,  61,  60,  20,  20,  20,  20,  66,  67,  68,  62,  63,  64,  65,  73,  74,  75,  76,  69,  70,  71,  72,  82,  81,  84,  83,  78,  77,  80,  79,  86,  85,  87,  94,  92,  93,  90,  91,  88,  89, 101, 102,  99, 100,  97,  98,  95,  96, 110, 109, 108, 107, 106, 105, 104, 103, 113, 112, 111,  20,  20]
 82: [ 51,  20,  20,  20,  20,  55,  54,  53,  52,  59,  58,  57,  56,  61,  60,  20,  20,  20,  20,  66,  67,  68,  62,  63,  64,  65,  73,  74,  75,  76,  69,  70,  71,  72,  82,  81,  84,  83,  78,  77,  80,  79,  86,  85,  87,  94,  92,  93,  90,  91,  88,  89, 101, 102,  99, 100,  97,  98,  95,  96, 110, 109, 108, 107, 106, 105, 104, 103, 113, 112, 111,  20,  20]
 83: [ 51,  20,  20,  20,  20,  55,  54,  53,  52,  59,  58,  57,  56,  61,  60,  20,  20,  20,  20,  66,  67,  68,  62,  63,  64,  65,  73,  74,  75,  76,  69,  70,  71,  72,  82,  81,  84,  83,  78,  77,  80,  79,  86,  85,  87,  94,  92,  93,  90,  91,  88,  89, 101, 102,  99, 100,  97,  98,  95,  96, 110, 109, 108, 107, 106, 105, 104, 103, 113, 112, 111,  20,  20]
 84: [ 51,  20,  20,  20,  20,  55,  54,  53,  52,  59,  58,  57,  56,  61,  60,  20,  20,  20,  20,  66,  67,  68,  62,  63,  64,  65,  73,  74,  75,  76,  69,  70,  71,  72,  82,  81,  84,  83,  78,  77,  80,  79,  86,  85,  87,  94,  92,  93,  90,  91,  88,  89, 101, 102,  99, 100,  97,  98,  95,  96, 110, 109, 108, 107, 106, 105, 104, 103, 113, 112, 111,  20,  20]
 85: [ 51,  20,  20,  20,  20,  55,  54,  53,  52,  59,  58,  57,  56,  61,  60,  20,  20,  20,  20,  66,  67,  68,  62,  63,  64,  65,  73,  74,  75,  76,  69,  70,  71,  72,  82,  81,  84,  83,  78,  77,  80,  79,  86,  85,  87,  94,  92,  93,  90,  91,  88,  89, 101, 102,  99, 100,  97,  98,  95,  96, 110, 109, 108, 107, 106, 105, 104, 103, 113, 112, 111,  20,  20]
 86: [ 51,  20,  20,  20,  20,  55,  54,  53,  52,  59,  58,  57,  56,  61,  60,  20,  20,  20,  20,  66,  67,  68,  62,  63,  64,  65,  73,  74,  75,  76,  69,  70,  71,  72,  82,  81,  84,  83,  78,  77,  80,  79,  86,  85,  87,  94,  92,  93,  90,  91,  88,  89, 101, 102,  99, 100,  97,  98,  95,  96, 110, 109, 108, 107, 106, 105, 104, 103, 113, 112, 111,  20,  20]
 87: [ 51,  20,  20,  20,  20,  55,  54,  53,  52,  59,  58,  57,  56,  61,  60,  20,  20,  20,  20,  66,  67,  68,  62,  63,  64,  65,  73,  74,  75,  76,  69,  70,  71,  72,  82,  81,  84,  83,  78,  77,  80,  79,  86,  85,  87,  94,  92,  93,  90,  91,  88,  89, 101, 102,  99, 100,  97,  98,  95,  96, 110, 109, 108, 107, 106, 105, 104, 103, 113, 112, 111,  20,  20]
 88: [ 51,  20,  20,  20,  20,  55,  54,  53,  52,  59,  58,  57,  56,  61,  60,  20,  20,  20,  20,  66,  67,  68,  62,  63,  64,  65,  73,  74,  75,  76,  69,  70,  71,  72,  82,  81,  84,  83,  78,  77,  80,  79,  86,  85,  87,  94,  92,  93,  90,  91,  88,  89, 101, 102,  99, 100,  97,  98,  95,  96, 110, 109, 108, 107, 106, 105, 104, 103, 113, 112, 111,  20,  20]
 89: [ 51,  20,  20,  20,  20,  55,  54,  53,  52,  59,  58,  57,  56,  61,  60,  20,  20,  20,  20,  66,  67,  68,  62,  63,  64,  65,  73,  74,  75,  76,  69,  70,  71,  72,  82,  81,  84,  83,  78,  77,  80,  79,  86,  85,  87,  94,  92,  93,  90,  91,  88,  89, 101, 102,  99, 100,  97,  98,  95,  96, 110, 109, 108, 107, 106, 105, 104, 103, 113, 112, 111,  20,  20]
 90: [ 51,  20,  20,  20,  20,  55,  54,  53,  52,  59,  58,  57,  56,  61,  60,  20,  20,  20,  20,  66,  67,  68,  62,  63,  64,  65,  73,  74,  75,  76,  69,  70,  71,  72,  82,  81,  84,  83,  78,  77,  80,  79,  86,  85,  87,  94,  92,  93,  90,  91,  88,  89, 101, 102,  99, 100,  97,  98,  95,  96, 110, 109, 108, 107, 106, 105, 104, 103, 113, 112, 111,  20,  20]
 91: [ 51,  20,  20,  20,  20,  55,  54,  53,  52,  59,  58,  57,  56,  61,  60,  20,  20,  20,  20,  66,  67,  68,  62,  63,  64,  65,  73,  74,  75,  76,  69,  70,  71,  72,  82,  81,  84,  83,  78,  77,  80,  79,  86,  85,  87,  94,  92,  93,  90,  91,  88,  89, 101, 102,  99, 100,  97,  98,  95,  96, 110, 109, 108, 107, 106, 105, 104, 103, 113, 112, 111,  20,  20]
 92: [ 51,  20,  20,  20,  20,  55,  54,  53,  52,  59,  58,  57,  56,  61,  60,  20,  20,  20,  20,  66,  67,  68,  62,  63,  64,  65,  73,  74,  75,  76,  69,  70,  71,  72,  82,  81,  84,  83,  78,  77,  80,  79,  86,  85,  87,  94,  92,  93,  90,  91,  88,  89, 101, 102,  99, 100,  97,  98,  95,  96, 110, 109, 108, 107, 106, 105, 104, 103, 113, 112, 111,  20,  20]
 93: [ 51,  20,  20,  20,  20,  55,  54,  53,  52,  59,  58,  57,  56,  61,  60,  20,  20,  20,  20,  66,  67,  68,  62,  63,  64,  65,  73,  74,  75,  76,  69,  70,  71,  72,  82,  81,  84,  83,  78,  77,  80,  79,  86,  85,  87,  94,  92,  93,  90,  91,  88,  89, 101, 102,  99, 100,  97,  98,  95,  96, 110, 109, 108, 107, 106, 105, 104, 103, 113, 112, 111,  20,  20]
 94: [ 51,  20,  20,  20,  20,  55,  54,  53,  52,  59,  58,  57,  56,  61,  60,  20,  20,  20,  20,  66,  67,  68,  62,  63,  64,  65,  73,  74,  75,  76,  69,  70,  71,  72,  82,  81,  84,  83,  78,  77,  80,  79,  86,  85,  87,  94,  92,  93,  90,  91,  88,  89, 101, 102,  99, 100,  97,  98,  95,  96, 110, 109, 108, 107, 106, 105, 104, 103, 113, 112, 111,  20,  20]
 95: [ 51,  20,  20,  20,  20,  55,  54,  53,  52,  59,  58,  57,  56,  61,  60,  20,  20,  20,  20,  66,  67,  68,  62,  63,  64,  65,  73,  74,  75,  76,  69,  70,  71,  72,  82,  81,  84,  83,  78,  77,  80,  79,  86,  85,  87,  94,  92,  93,  90,  91,  88,  89, 101, 102,  99, 100,  97,  98,  95,  96, 110, 109, 108, 107, 106, 105, 104, 103, 113, 112, 111,  20,  20]
 96: [ 51,  20,  20,  20,  20,  55,  54,  53,  52,  59,  58,  57,  56,  61,  60,  20,  20,  20,  20,  66,  67,  68,  62,  63,  64,  65,  73,  74,  75,  76,  69,  70,  71,  72,  82,  81,  84,  83,  78,  77,  80,  79,  86,  85,  87,  94,  92,  93,  90,  91,  88,  89, 101, 102,  99, 100,  97,  98,  95,  96, 110, 109, 108, 107, 106, 105, 104, 103, 113, 112, 111,  20,  20]
 97: [ 51,  20,  20,  20,  20,  55,  54,  53,  52,  59,  58,  57,  56,  61,  60,  20,  20,  20,  20,  66,  67,  68,  62,  63,  64,  65,  73,  74,  75,  76,  69,  70,  71,  72,  82,  81,  84,  83,  78,  77,  80,  79,  86,  85,  87,  94,  92,  93,  90,  91,  88,  89, 101, 102,  99, 100,  97,  98,  95,  96, 110, 109, 108, 107, 106, 105, 104, 103, 113, 112, 111,  20,  20]
 98: [ 51,  20,  20,  20,  20,  55,  54,  53,  52,  59,  58,  57,  56,  61,  60,  20,  20,  20,  20,  66,  67,  68,  62,  63,  64,  65,  73,  74,  75,  76,  69,  70,  71,  72,  82,  81,  84,  83,  78,  77,  80,  79,  86,  85,  87,  94,  92,  93,  90,  91,  88,  89, 101, 102,  99, 100,  97,  98,  95,  96, 110, 109, 108, 107, 106, 105, 104, 103, 113, 112, 111,  20,  20]
 99: [ 51,  20,  20,  20,  20,  55,  54,  53,  52,  59,  58,  57,  56,  61,  60,  20,  20,  20,  20,  66,  67,  68,  62,  63,  64,  65,  73,  74,  75,  76,  69,  70,  71,  72,  82,  81,  84,  83,  78,  77,  80,  79,  86,  85,  87,  94,  92,  93,  90,  91,  88,  89, 101, 102,  99, 100,  97,  98,  95,  96, 110, 109, 108, 107, 106, 105, 104, 103, 113, 112, 111,  20,  20]
100: [ 51,  20,  20,  20,  20,  55,  54,  53,  52,  59,  58,  57,  56,  61,  60,  20,  20,  20,  20,  66,  67,  68,  62,  63,  64,  65,  73,  74,  75,  76,  69,  70,  71,  72,  82,  81,  84,  83,  78,  77,  80,  79,  86,  85,  87,  94,  92,  93,  90,  91,  88,  89, 101, 102,  99, 100,  97,  98,  95,  96, 110, 109, 108, 107, 106, 105, 104, 103, 113, 112, 111,  20,  20]
101: [ 51,  20,  20,  20,  20,  55,  54,  53,  52,  59,  58,  57,  56,  61,  60,  20,  20,  20,  20,  66,  67,  68,  62,  63,  64,  65,  73,  74,  75,  76,  69,  70,  71,  72,  82,  81,  84,  83,  78,  77,  80,  79,  86,  85,  87,  94,  92,  93,  90,  91,  88,  89, 101, 102,  99, 100,  97,  98,  95,  96, 110, 109, 108, 107, 106, 105, 104, 103, 113, 112, 111,  20,  20]
102: [ 51,  20,  20,  20,  20,  55,  54,  53,  52,  59,  58,  57,  56,  61,  60,  20,  20,  20,  20,  66,  67,  68,  62,  63,  64,  65,  73,  74,  75,  76,  69,  70,  71,  72,  82,  81,  84,  83,  78,  77,  80,  79,  86,  85,  87,  94,  92,  93,  90,  91,  88,  89, 101, 102,  99, 100,  97,  98,  95,  96, 110, 109, 108, 107, 106, 105, 104, 103, 113, 112, 111,  20,  20]
103: [ 51,  20,  20,  20,  20,  55,  54,  53,  52,  59,  58,  57,  56,  61,  60,  20,  20,  20,  20,  66,  67,  68,  62,  63,  64,  65,  73,  74,  75,  76,  69,  70,  71,  72,  82,  81,  84,  83,  78,  77,  80,  79,  86,  85,  87,  94,  92,  93,  90,  91,  88,  89, 101, 102,  99, 100,  97,  98,  95,  96, 110, 109, 108, 107, 106, 105, 104, 103, 113, 112, 111,  20,  20]
104: [ 51,  20,  20,  20,  20,  55,  54,  53,  52,  59,  58,  57,  56,  61,  60,  20,  20,  20,  20,  66,  67,  68,  62,  63,  64,  65,  73,  74,  75,  76,  69,  70,  71,  72,  82,  81,  84,  83,  78,  77,  80,  79,  86,  85,  87,  94,  92,  93,  90,  91,  88,  89, 101, 102,  99, 100,  97,  98,  95,  96, 110, 109, 108, 107, 106, 105, 104, 103, 113, 112, 111,  20,  20]
105: [ 51,  20,  20,  20,  20,  55,  54,  53,  52,  59,  58,  57,  56,  61,  60,  20,  20,  20,  20,  66,  67,  68,  62,  63,  64,  65,  73,  74,  75,  76,  69,  70,  71,  72,  82,  81,  84,  83,  78,  77,  80,  79,  86,  85,  87,  94,  92,  93,  90,  91,  88,  89, 101, 102,  99, 100,  97,  98,  95,  96, 110, 109, 108, 107, 106, 105, 104, 103, 113, 112, 111,  20,  20]
106: [ 51,  20,  20,  20,  20,  55,  54,  53,  52,  59,  58,  57,  56,  61,  60,  20,  20,  20,  20,  66,  67,  68,  62,  63,  64,  65,  73,  74,  75,  76,  69,  70,  71,  72,  82,  81,  84,  83,  78,  77,  80,  79,  86,  85,  87,  94,  92,  93,  90,  91,  88,  89, 101, 102,  99, 100,  97,  98,  95,  96, 110, 109, 108, 107, 106, 105, 104, 103, 113, 112, 111,  20,  20]
107: [ 51,  20,  20,  20,  20,  55,  54,  53,  52,  59,  58,  57,  56,  61,  60,  20,  20,  20,  20,  66,  67,  68,  62,  63,  64,  65,  73,  74,  75,  76,  69,  70,  71,  72,  82,  81,  84,  83,  78,  77,  80,  79,  86,  85,  87,  94,  92,  93,  90,  91,  88,  89, 101, 102,  99, 100,  97,  98,  95,  96, 110, 109, 108, 107, 106, 105, 104, 103, 113, 112, 111,  20,  20]
108: [ 51,  20,  20,  20,  20,  55,  54,  53,  52,  59,  58,  57,  56,  61,  60,  20,  20,  20,  20,  66,  67,  68,  62,  63,  64,  65,  73,  74,  75,  76,  69,  70,  71,  72,  82,  81,  84,  83,  78,  77,  80,  79,  86,  85,  87,  94,  92,  93,  90,  91,  88,  89, 101, 102,  99, 100,  97,  98,  95,  96, 110, 109, 108, 107, 106, 105, 104, 103, 113, 112, 111,  20,  20]
109: [ 51,  20,  20,  20,  20,  55,  54,  53,  52,  59,  58,  57,  56,  61,  60,  20,  20,  20,  20,  66,  67,  68,  62,  63,  64,  65,  73,  74,  75,  76,  69,  70,  71,  72,  82,  81,  84,  83,  78,  77,  80,  79,  86,  85,  87,  94,  92,  93,  90,  91,  88,  89, 101, 102,  99, 100,  97,  98,  95,  96, 110, 109, 108, 107, 106, 105, 104, 103, 113, 112, 111,  20,  20]
110: [ 51,  20,  20,  20,  20,  55,  54,  53,  52,  59,  58,  57,  56,  61,  60,  20,  20,  20,  20,  66,  67,  68,  62,  63,  64,  65,  73,  74,  75,  76,  69,  70,  71,  72,  82,  81,  84,  83,  78,  77,  80,  79,  86,  85,  87,  94,  92,  93,  90,  91,  88,  89, 101, 102,  99, 100,  97,  98,  95,  96, 110, 109, 108, 107, 106, 105, 104, 103, 113, 112, 111,  20,  20]
111: [ 51,  20,  20,  20,  20,  55,  54,  53,  52,  59,  58,  57,  56,  61,  60,  20,  20,  20,  20,  66,  67,  68,  62,  63,  64,  65,  73,  74,  75,  76,  69,  70,  71,  72,  82,  81,  84,  83,  78,  77,  80,  79,  86,  85,  87,  94,  92,  93,  90,  91,  88,  89, 101, 102,  99, 100,  97,  98,  95,  96, 110, 109, 108, 107, 106, 105, 104, 103, 113, 112, 111,  20,  20]
112: [ 51,  20,  20,  20,  20,  55,  54,  53,  52,  59,  58,  57,  56,  61,  60,  20,  20,  20,  20,  66,  67,  68,  62,  63,  64,  65,  73,  74,  75,  76,  69,  70,  71,  72,  82,  81,  84,  83,  78,  77,  80,  79,  86,  85,  87,  94,  92,  93,  90,  91,  88,  89, 101, 102,  99, 100,  97,  98,  95,  96, 110, 109, 108, 107, 106, 105, 104, 103, 113, 112, 111,  20,  20]
113: [ 51,  20,  20,  20,  20,  55,  54,  53,  52,  59,  58,  57,  56,  61,  60,  20,  20,  20,  20,  66,  67,  68,  62,  63,  64,  65,  73,  74,  75,  76,  69,  70,  71,  72,  82,  81,  84,  83,  78,  77,  80,  79,  86,  85,  87,  94,  92,  93,  90,  91,  88,  89, 101, 102,  99, 100,  97,  98,  95,  96, 110, 109, 108, 107, 106, 105, 104, 103, 113, 112, 111,  20,  20]
114: [ 20,  20,  20,  20,  20,  20,  20,  20,  20,  20,  20,  20,  20,  20,  20,  20,  20,  20,  20,  20,  20,  20,  20,  20,  20,  20,  20,  20,  20,  20,  20,  20,  20,  20,  20,  20,  20,  20,  20,  20,  20,  20,  20,  20,  20,  20,  20,  20,  20,  20,  20,  20,  20,  20,  20,  20,  20,  20,  20,  20,  20,  20,  20,  20,  20,  20,  20,  20,  20,  20,  20,  20,  20] * INC
115: [ 20,  20,  20,  20,  20,  20,  20,  20,  20,  20,  20,  20,  20,  20,  20,  20,  20,  20,  20,  20,  20,  20,  20,  20,  20,  20,  20,  20,  20,  20,  20,  20,  20,  20,  20,  20,  20,  20,  20,  20,  20,  20,  20,  20,  20,  20,  20,  20,  20,  20,  20,  20,  20,  20,  20,  20,  20,  20,  20,  20,  20,  20,  20,  20,  20,  20,  20,  20,  20,  20,  20,  20,  20] * DEC
116: [ 20,  20,  20,  20,  20, 119, 118, 117, 116, 123, 122, 121, 120, 125, 124,  20,  20,  20,  20,  20,  20,  20,  20,  20,  20,  20,  20,  20,  20,  20,  20,  20,  20,  20,  20,  20,  20,  20,  20,  20,  20,  20,  20,  20,  20,  20,  20,  20,  20,  20,  20,  20,  20,  20,  20,  20,  20,  20,  20,  20,  20,  20,  20,  20,  20,  20,  20,  20,  20,  20,  20,  20,  20] * INT
117: [ 20,  20,  20,  20,  20, 119, 118, 117, 116, 123, 122, 121, 120, 125, 124,  20,  20,  20,  20,  20,  20,  20,  20,  20,  20,  20,  20,  20,  20,  20,  20,  20,  20,  20,  20,  20,  20,  20,  20,  20,  20,  20,  20,  20,  20,  20,  20,  20,  20,  20,  20,  20,  20,  20,  20,  20,  20,  20,  20,  20,  20,  20,  20,  20,  20,  20,  20,  20,  20,  20,  20,  20,  20] * INT
118: [ 20,  20,  20,  20,  20, 119, 118, 117, 116, 123, 122, 121, 120, 125, 124,  20,  20,  20,  20,  20,  20,  20,  20,  20,  20,  20,  20,  20,  20,  20,  20,  20,  20,  20,  20,  20,  20,  20,  20,  20,  20,  20,  20,  20,  20,  20,  20,  20,  20,  20,  20,  20,  20,  20,  20,  20,  20,  20,  20,  20,  20,  20,  20,  20,  20,  20,  20,  20,  20,  20,  20,  20,  20] * INT
119: [ 20,  20,  20,  20,  20, 119, 118, 117, 116, 123, 122, 121, 120, 125, 124,  20,  20,  20,  20,  20,  20,  20,  20,  20,  20,  20,  20,  20,  20,  20,  20,  20,  20,  20,  20,  20,  20,  20,  20,  20,  20,  20,  20,  20,  20,  20,  20,  20,  20,  20,  20,  20,  20,  20,  20,  20,  20,  20,  20,  20,  20,  20,  20,  20,  20,  20,  20,  20,  20,  20,  20,  20,  20] * INT
120: [ 20,  20,  20,  20,  20, 119, 118, 117, 116, 123, 122, 121, 120, 125, 124,  20,  20,  20,  20,  20,  20,  20,  20,  20,  20,  20,  20,  20,  20,  20,  20,  20,  20,  20,  20,  20,  20,  20,  20,  20,  20,  20,  20,  20,  20,  20,  20,  20,  20,  20,  20,  20,  20,  20,  20,  20,  20,  20,  20,  20,  20,  20,  20,  20,  20,  20,  20,  20,  20,  20,  20,  20,  20] * INT
121: [ 20,  20,  20,  20,  20, 119, 118, 117, 116, 123, 122, 121, 120, 125, 124,  20,  20,  20,  20,  20,  20,  20,  20,  20,  20,  20,  20,  20,  20,  20,  20,  20,  20,  20,  20,  20,  20,  20,  20,  20,  20,  20,  20,  20,  20,  20,  20,  20,  20,  20,  20,  20,  20,  20,  20,  20,  20,  20,  20,  20,  20,  20,  20,  20,  20,  20,  20,  20,  20,  20,  20,  20,  20] * INT
122: [ 20,  20,  20,  20,  20, 119, 118, 117, 116, 123, 122, 121, 120, 125, 124,  20,  20,  20,  20,  20,  20,  20,  20,  20,  20,  20,  20,  20,  20,  20,  20,  20,  20,  20,  20,  20,  20,  20,  20,  20,  20,  20,  20,  20,  20,  20,  20,  20,  20,  20,  20,  20,  20,  20,  20,  20,  20,  20,  20,  20,  20,  20,  20,  20,  20,  20,  20,  20,  20,  20,  20,  20,  20] * INT
123: [ 20,  20,  20,  20,  20, 119, 118, 117, 116, 123, 122, 121, 120, 125, 124,  20,  20,  20,  20,  20,  20,  20,  20,  20,  20,  20,  20,  20,  20,  20,  20,  20,  20,  20,  20,  20,  20,  20,  20,  20,  20,  20,  20,  20,  20,  20,  20,  20,  20,  20,  20,  20,  20,  20,  20,  20,  20,  20,  20,  20,  20,  20,  20,  20,  20,  20,  20,  20,  20,  20,  20,  20,  20] * INT
124: [ 20,  20,  20,  20,  20, 119, 118, 117, 116, 123, 122, 121, 120, 125, 124,  20,  20,  20,  20,  20,  20,  20,  20,  20,  20,  20,  20,  20,  20,  20,  20,  20,  20,  20,  20,  20,  20,  20,  20,  20,  20,  20,  20,  20,  20,  20,  20,  20,  20,  20,  20,  20,  20,  20,  20,  20,  20,  20,  20,  20,  20,  20,  20,  20,  20,  20,  20,  20,  20,  20,  20,  20,  20] * INT
125: [ 20,  20,  20,  20,  20, 119, 118, 117, 116, 123, 122, 121, 120, 125, 124,  20,  20,  20,  20,  20,  20,  20,  20,  20,  20,  20,  20,  20,  20,  20,  20,  20,  20,  20,  20,  20,  20,  20,  20,  20,  20,  20,  20,  20,  20,  20,  20,  20,  20,  20,  20,  20,  20,  20,  20,  20,  20,  20,  20,  20,  20,  20,  20,  20,  20,  20,  20,  20,  20,  20,  20,  20,  20] * INT
126: [ 20,  20,  20,  20,  20, 168, 167, 166, 165, 172, 171, 170, 169,  20,  20,  20,  20,  20,  20,  20,  20,  20,  20,  20,  20,  20,  20,  20,  20,  20,  20,  20,  20,  20,  20,  20,  20,  20,  20,  20,  20,  20,  20,  20,  20,  20,  20,  20,  20,  20,  20,  20,  20,  20,  20,  20,  20,  20,  20,  20,  20,  20,  20,  20,  20,  20,  20,  20,  20,  20,  20,  20,  20] * OCTAL
127: [ 20,  20,  20,  20,  20, 168, 167, 166, 165, 172, 171, 170, 169,  20,  20,  20,  20,  20,  20,  20,  20,  20,  20,  20,  20,  20,  20,  20,  20,  20,  20,  20,  20,  20,  20,  20,  20,  20,  20,  20,  20,  20,  20,  20,  20,  20,  20,  20,  20,  20,  20,  20,  20,  20,  20,  20,  20,  20,  20,  20,  20,  20,  20,  20,  20,  20,  20,  20,  20,  20,  20,  20,  20] * OCTAL
128: [ 20,  20,  20,  20,  20, 168, 167, 166, 165, 172, 171, 170, 169,  20,  20,  20,  20,  20,  20,  20,  20,  20,  20,  20,  20,  20,  20,  20,  20,  20,  20,  20,  20,  20,  20,  20,  20,  20,  20,  20,  20,  20,  20,  20,  20,  20,  20,  20,  20,  20,  20,  20,  20,  20,  20,  20,  20,  20,  20,  20,  20,  20,  20,  20,  20,  20,  20,  20,  20,  20,  20,  20,  20] * OCTAL
129: [ 20,  20,  20,  20,  20, 168, 167, 166, 165, 172, 171, 170, 169,  20,  20,  20,  20,  20,  20,  20,  20,  20,  20,  20,  20,  20,  20,  20,  20,  20,  20,  20,  20,  20,  20,  20,  20,  20,  20,  20,  20,  20,  20,  20,  20,  20,  20,  20,  20,  20,  20,  20,  20,  20,  20,  20,  20,  20,  20,  20,  20,  20,  20,  20,  20,  20,  20,  20,  20,  20,  20,  20,  20] * OCTAL
130: [ 20,  20,  20,  20,  20, 168, 167, 166, 165, 172, 171, 170, 169,  20,  20,  20,  20,  20,  20,  20,  20,  20,  20,  20,  20,  20,  20,  20,  20,  20,  20,  20,  20,  20,  20,  20,  20,  20,  20,  20,  20,  20,  20,  20,  20,  20,  20,  20,  20,  20,  20,  20,  20,  20,  20,  20,  20,  20,  20,  20,  20,  20,  20,  20,  20,  20,  20,  20,  20,  20,  20,  20,  20] * OCTAL
131: [ 20,  20,  20,  20,  20, 168, 167, 166, 165, 172, 171, 170, 169,  20,  20,  20,  20,  20,  20,  20,  20,  20,  20,  20,  20,  20,  20,  20,  20,  20,  20,  20,  20,  20,  20,  20,  20,  20,  20,  20,  20,  20,  20,  20,  20,  20,  20,  20,  20,  20,  20,  20,  20,  20,  20,  20,  20,  20,  20,  20,  20,  20,  20,  20,  20,  20,  20,  20,  20,  20,  20,  20,  20] * OCTAL
132: [ 20,  20,  20,  20,  20, 168, 167, 166, 165, 172, 171, 170, 169,  20,  20,  20,  20,  20,  20,  20,  20,  20,  20,  20,  20,  20,  20,  20,  20,  20,  20,  20,  20,  20,  20,  20,  20,  20,  20,  20,  20,  20,  20,  20,  20,  20,  20,  20,  20,  20,  20,  20,  20,  20,  20,  20,  20,  20,  20,  20,  20,  20,  20,  20,  20,  20,  20,  20,  20,  20,  20,  20,  20] * OCTAL
133: [ 20,  20,  20,  20,  20, 168, 167, 166, 165, 172, 171, 170, 169,  20,  20,  20,  20,  20,  20,  20,  20,  20,  20,  20,  20,  20,  20,  20,  20,  20,  20,  20,  20,  20,  20,  20,  20,  20,  20,  20,  20,  20,  20,  20,  20,  20,  20,  20,  20,  20,  20,  20,  20,  20,  20,  20,  20,  20,  20,  20,  20,  20,  20,  20,  20,  20,  20,  20,  20,  20,  20,  20,  20] * OCTAL
134: [ 20,  20,  20,  20,  20, 176, 175, 174, 173, 180, 179, 178, 177, 182, 181,  20,  20,  20,  20, 186, 187, 188, 183, 184, 185,  20,  20,  20,  20,  20,  20,  20,  20,  20,  20,  20,  20,  20,  20,  20,  20,  20,  20,  20,  20,  20,  20,  20,  20,  20,  20,  20,  20,  20,  20,  20,  20,  20,  20,  20,  20,  20,  20,  20,  20,  20,  20,  20,  20,  20,  20,  20,  20]
135: [ 20,  20,  20,  20,  20,  20,  20,  20,  20,  20,  20,  20,  20,  20,  20,  20,  20,  20,  20,  20,  20,  20,  20,  20,  20,  20,  20,  20,  20,  20,  20,  20,  20,  20,  20,  20,  20,  20,  20,  20,  20,  20,  20,  20,  20,  20,  20,  20,  20,  20,  20,  20,  20,  20,  20,  20,  20,  20,  20,  20,  20,  20,  20,  20,  20,  20,  20,  20,  20,  20,  20,  20,  20] * GEQ
136: [ 20,  20,  20,  20,  20,  20,  20,  20,  20,  20,  20,  20,  20,  20,  20,  20,  20,  20,  20,  20,  20,  20,  20,  20,  20,  20,  20,  20,  20,  20,  20,  20,  20,  20,  20,  20,  20,  20,  20,  20,  20,  20,  20,  20,  20,  20,  20,  20,  20,  20,  20,  20,  20,  20,  20,  20,  20,  20,  20,  20,  20,  20,  20,  20,  20,  20,  20,  20,  20,  20,  20,  20,  20] * LEQ
137: [ 20,  20,  20,  20,  20,  20,  20,  20,  20,  20,  20,  20,  20,  20,  20,  20,  20,  20,  20,  20,  20,  20,  20,  20,  20,  20,  20,  20,  20,  20,  20,  20,  20,  20,  20,  20, 189,  20,  20,  20,  20,  20,  20,  20,  20,  20,  20,  20,  20,  20,  20,  20,  20,  20,  20,  20,  20,  20,  20,  20,  20,  20,  20,  20,  20,  20,  20,  20,  20,  20,  20,  20,  20]
138: [ 20,  20,  20,  20,  20,  20,  20,  20,  20,  20,  20,  20,  20,  20,  20,  20,  20,  20,  20,  20,  20,  20,  20,  20,  20,  20,  20, 190,  20,  20,  20,  20,  20,  20,  20,  20,  20,  20,  20,  20,  20,  20,  20,  20,  20,  20,  20,  20,  20,  20,  20,  20,  20,  20,  20,  20,  20,  20,  20,  20,  20,  20,  20,  20,  20,  20,  20,  20,  20,  20,  20,  20,  20]
139: [ 20,  20,  20,  20,  20,  20,  20,  20,  20,  20,  20,  20,  20,  20,  20,  20,  20,  20,  20,  20,  20,  20,  20,  20,  20,  20,  20,  20,  20,  20,  20,  20,  20,  20,  20,  20,  20,  20,  20,  20,  20,  20,  20,  20,  20, 145, 143, 144, 141, 142, 139, 140, 152, 153, 150, 151, 148, 149, 146, 147, 161, 160, 159, 158, 157, 156, 155, 154, 164, 163, 162,  20,  20] * VAR
140: [ 20,  20,  20,  20,  20,  20,  20,  20,  20,  20,  20,  20,  20,  20,  20,  20,  20,  20,  20,  20,  20,  20,  20,  20,  20,  20,  20,  20,  20,  20,  20,  20,  20,  20,  20,  20,  20,  20,  20,  20,  20,  20,  20,  20,  20, 145, 143, 144, 141, 142, 139, 140, 152, 153, 150, 151, 148, 149, 146, 147, 161, 160, 159, 158, 157, 156, 155, 154, 164, 163, 162,  20,  20] * VAR
141: [ 20,  20,  20,  20,  20,  20,  20,  20,  20,  20,  20,  20,  20,  20,  20,  20,  20,  20,  20,  20,  20,  20,  20,  20,  20,  20,  20,  20,  20,  20,  20,  20,  20,  20,  20,  20,  20,  20,  20,  20,  20,  20,  20,  20,  20, 145, 143, 144, 141, 142, 139, 140, 152, 153, 150, 151, 148, 149, 146, 147, 161, 160, 159, 158, 157, 156, 155, 154, 164, 163, 162,  20,  20] * VAR
142: [ 20,  20,  20,  20,  20,  20,  20,  20,  20,  20,  20,  20,  20,  20,  20,  20,  20,  20,  20,  20,  20,  20,  20,  20,  20,  20,  20,  20,  20,  20,  20,  20,  20,  20,  20,  20,  20,  20,  20,  20,  20,  20,  20,  20,  20, 145, 143, 144, 141, 142, 139, 140, 152, 153, 150, 151, 148, 149, 146, 147, 161, 160, 159, 158, 157, 156, 155, 154, 164, 163, 162,  20,  20] * VAR
143: [ 20,  20,  20,  20,  20,  20,  20,  20,  20,  20,  20,  20,  20,  20,  20,  20,  20,  20,  20,  20,  20,  20,  20,  20,  20,  20,  20,  20,  20,  20,  20,  20,  20,  20,  20,  20,  20,  20,  20,  20,  20,  20,  20,  20,  20, 145, 143, 144, 141, 142, 139, 140, 152, 153, 150, 151, 148, 149, 146, 147, 161, 160, 159, 158, 157, 156, 155, 154, 164, 163, 162,  20,  20] * VAR
144: [ 20,  20,  20,  20,  20,  20,  20,  20,  20,  20,  20,  20,  20,  20,  20,  20,  20,  20,  20,  20,  20,  20,  20,  20,  20,  20,  20,  20,  20,  20,  20,  20,  20,  20,  20,  20,  20,  20,  20,  20,  20,  20,  20,  20,  20, 145, 143, 144, 141, 142, 139, 140, 152, 153, 150, 151, 148, 149, 146, 147, 161, 160, 159, 158, 157, 156, 155, 154, 164, 163, 162,  20,  20] * VAR
145: [ 20,  20,  20,  20,  20,  20,  20,  20,  20,  20,  20,  20,  20,  20,  20,  20,  20,  20,  20,  20,  20,  20,  20,  20,  20,  20,  20,  20,  20,  20,  20,  20,  20,  20,  20,  20,  20,  20,  20,  20,  20,  20,  20,  20,  20, 145, 143, 144, 141, 142, 139, 140, 152, 153, 150, 151, 148, 149, 146, 147, 161, 160, 159, 158, 157, 156, 155, 154, 164, 163, 162,  20,  20] * VAR
146: [ 20,  20,  20,  20,  20,  20,  20,  20,  20,  20,  20,  20,  20,  20,  20,  20,  20,  20,  20,  20,  20,  20,  20,  20,  20,  20,  20,  20,  20,  20,  20,  20,  20,  20,  20,  20,  20,  20,  20,  20,  20,  20,  20,  20,  20, 145, 143, 144, 141, 142, 139, 140, 152, 153, 150, 151, 148, 149, 146, 147, 161, 160, 159, 158, 157, 156, 155, 154, 164, 163, 162,  20,  20] * VAR
147: [ 20,  20,  20,  20,  20,  20,  20,  20,  20,  20,  20,  20,  20,  20,  20,  20,  20,  20,  20,  20,  20,  20,  20,  20,  20,  20,  20,  20,  20,  20,  20,  20,  20,  20,  20,  20,  20,  20,  20,  20,  20,  20,  20,  20,  20, 145, 143, 144, 141, 142, 139, 140, 152, 153, 150, 151, 148, 149, 146, 147, 161, 160, 159, 158, 157, 156, 155, 154, 164, 163, 162,  20,  20] * VAR
148: [ 20,  20,  20,  20,  20,  20,  20,  20,  20,  20,  20,  20,  20,  20,  20,  20,  20,  20,  20,  20,  20,  20,  20,  20,  20,  20,  20,  20,  20,  20,  20,  20,  20,  20,  20,  20,  20,  20,  20,  20,  20,  20,  20,  20,  20, 145, 143, 144, 141, 142, 139, 140, 152, 153, 150, 151, 148, 149, 146, 147, 161, 160, 159, 158, 157, 156, 155, 154, 164, 163, 162,  20,  20] * VAR
149: [ 20,  20,  20,  20,  20,  20,  20,  20,  20,  20,  20,  20,  20,  20,  20,  20,  20,  20,  20,  20,  20,  20,  20,  20,  20,  20,  20,  20,  20,  20,  20,  20,  20,  20,  20,  20,  20,  20,  20,  20,  20,  20,  20,  20,  20, 145, 143, 144, 141, 142, 139, 140, 152, 153, 150, 151, 148, 149, 146, 147, 161, 160, 159, 158, 157, 156, 155, 154, 164, 163, 162,  20,  20] * VAR
150: [ 20,  20,  20,  20,  20,  20,  20,  20,  20,  20,  20,  20,  20,  20,  20,  20,  20,  20,  20,  20,  20,  20,  20,  20,  20,  20,  20,  20,  20,  20,  20,  20,  20,  20,  20,  20,  20,  20,  20,  20,  20,  20,  20,  20,  20, 145, 143, 144, 141, 142, 139, 140, 152, 153, 150, 151, 148, 149, 146, 147, 161, 160, 159, 158, 157, 156, 155, 154, 164, 163, 162,  20,  20] * VAR
151: [ 20,  20,  20,  20,  20,  20,  20,  20,  20,  20,  20,  20,  20,  20,  20,  20,  20,  20,  20,  20,  20,  20,  20,  20,  20,  20,  20,  20,  20,  20,  20,  20,  20,  20,  20,  20,  20,  20,  20,  20,  20,  20,  20,  20,  20, 145, 143, 144, 141, 142, 139, 140, 152, 153, 150, 151, 148, 149, 146, 147, 161, 160, 159, 158, 157, 156, 155, 154, 164, 163, 162,  20,  20] * VAR
152: [ 20,  20,  20,  20,  20,  20,  20,  20,  20,  20,  20,  20,  20,  20,  20,  20,  20,  20,  20,  20,  20,  20,  20,  20,  20,  20,  20,  20,  20,  20,  20,  20,  20,  20,  20,  20,  20,  20,  20,  20,  20,  20,  20,  20,  20, 145, 143, 144, 141, 142, 139, 140, 152, 153, 150, 151, 148, 149, 146, 147, 161, 160, 159, 158, 157, 156, 155, 154, 164, 163, 162,  20,  20] * VAR
153: [ 20,  20,  20,  20,  20,  20,  20,  20,  20,  20,  20,  20,  20,  20,  20,  20,  20,  20,  20,  20,  20,  20,  20,  20,  20,  20,  20,  20,  20,  20,  20,  20,  20,  20,  20,  20,  20,  20,  20,  20,  20,  20,  20,  20,  20, 145, 143, 144, 141, 142, 139, 140, 152, 153, 150, 151, 148, 149, 146, 147, 161, 160, 159, 158, 157, 156, 155, 154, 164, 163, 162,  20,  20] * VAR
154: [ 20,  20,  20,  20,  20,  20,  20,  20,  20,  20,  20,  20,  20,  20,  20,  20,  20,  20,  20,  20,  20,  20,  20,  20,  20,  20,  20,  20,  20,  20,  20,  20,  20,  20,  20,  20,  20,  20,  20,  20,  20,  20,  20,  20,  20, 145, 143, 144, 141, 142, 139, 140, 152, 153, 150, 151, 148, 149, 146, 147, 161, 160, 159, 158, 157, 156, 155, 154, 164, 163, 162,  20,  20] * VAR
155: [ 20,  20,  20,  20,  20,  20,  20,  20,  20,  20,  20,  20,  20,  20,  20,  20,  20,  20,  20,  20,  20,  20,  20,  20,  20,  20,  20,  20,  20,  20,  20,  20,  20,  20,  20,  20,  20,  20,  20,  20,  20,  20,  20,  20,  20, 145, 143, 144, 141, 142, 139, 140, 152, 153, 150, 151, 148, 149, 146, 147, 161, 160, 159, 158, 157, 156, 155, 154, 164, 163, 162,  20,  20] * VAR
156: [ 20,  20,  20,  20,  20,  20,  20,  20,  20,  20,  20,  20,  20,  20,  20,  20,  20,  20,  20,  20,  20,  20,  20,  20,  20,  20,  20,  20,  20,  20,  20,  20,  20,  20,  20,  20,  20,  20,  20,  20,  20,  20,  20,  20,  20, 145, 143, 144, 141, 142, 139, 140, 152, 153, 150, 151, 148, 149, 146, 147, 161, 160, 159, 158, 157, 156, 155, 154, 164, 163, 162,  20,  20] * VAR
157: [ 20,  20,  20,  20,  20,  20,  20,  20,  20,  20,  20,  20,  20,  20,  20,  20,  20,  20,  20,  20,  20,  20,  20,  20,  20,  20,  20,  20,  20,  20,  20,  20,  20,  20,  20,  20,  20,  20,  20,  20,  20,  20,  20,  20,  20, 145, 143, 144, 141, 142, 139, 140, 152, 153, 150, 151, 148, 149, 146, 147, 161, 160, 159, 158, 157, 156, 155, 154, 164, 163, 162,  20,  20] * VAR
158: [ 20,  20,  20,  20,  20,  20,  20,  20,  20,  20,  20,  20,  20,  20,  20,  20,  20,  20,  20,  20,  20,  20,  20,  20,  20,  20,  20,  20,  20,  20,  20,  20,  20,  20,  20,  20,  20,  20,  20,  20,  20,  20,  20,  20,  20, 145, 143, 144, 141, 142, 139, 140, 152, 153, 150, 151, 148, 149, 146, 147, 161, 160, 159, 158, 157, 156, 155, 154, 164, 163, 162,  20,  20] * VAR
159: [ 20,  20,  20,  20,  20,  20,  20,  20,  20,  20,  20,  20,  20,  20,  20,  20,  20,  20,  20,  20,  20,  20,  20,  20,  20,  20,  20,  20,  20,  20,  20,  20,  20,  20,  20,  20,  20,  20,  20,  20,  20,  20,  20,  20,  20, 145, 143, 144, 141, 142, 139, 140, 152, 153, 150, 151, 148, 149, 146, 147, 161, 160, 159, 158, 157, 156, 155, 154, 164, 163, 162,  20,  20] * VAR
160: [ 20,  20,  20,  20,  20,  20,  20,  20,  20,  20,  20,  20,  20,  20,  20,  20,  20,  20,  20,  20,  20,  20,  20,  20,  20,  20,  20,  20,  20,  20,  20,  20,  20,  20,  20,  20,  20,  20,  20,  20,  20,  20,  20,  20,  20, 145, 143, 144, 141, 142, 139, 140, 152, 153, 150, 151, 148, 149, 146, 147, 161, 160, 159, 158, 157, 156, 155, 154, 164, 163, 162,  20,  20] * VAR
161: [ 20,  20,  20,  20,  20,  20,  20,  20,  20,  20,  20,  20,  20,  20,  20,  20,  20,  20,  20,  20,  20,  20,  20,  20,  20,  20,  20,  20,  20,  20,  20,  20,  20,  20,  20,  20,  20,  20,  20,  20,  20,  20,  20,  20,  20, 145, 143, 144, 141, 142, 139, 140, 152, 153, 150, 151, 148, 149, 146, 147, 161, 160, 159, 158, 157, 156, 155, 154, 164, 163, 162,  20,  20] * VAR
162: [ 20,  20,  20,  20,  20,  20,  20,  20,  20,  20,  20,  20,  20,  20,  20,  20,  20,  20,  20,  20,  20,  20,  20,  20,  20,  20,  20,  20,  20,  20,  20,  20,  20,  20,  20,  20,  20,  20,  20,  20,  20,  20,  20,  20,  20, 145, 143, 144, 141, 142, 139, 140, 152, 153, 150, 151, 148, 149, 146, 147, 161, 160, 159, 158, 157, 156, 155, 154, 164, 163, 162,  20,  20] * VAR
163: [ 20,  20,  20,  20,  20,  20,  20,  20,  20,  20,  20,  20,  20,  20,  20,  20,  20,  20,  20,  20,  20,  20,  20,  20,  20,  20,  20,  20,  20,  20,  20,  20,  20,  20,  20,  20,  20,  20,  20,  20,  20,  20,  20,  20,  20, 145, 143, 144, 141, 142, 139, 140, 152, 153, 150, 151, 148, 149, 146, 147, 161, 160, 159, 158, 157, 156, 155, 154, 164, 163, 162,  20,  20] * VAR
164: [ 20,  20,  20,  20,  20,  20,  20,  20,  20,  20,  20,  20,  20,  20,  20,  20,  20,  20,  20,  20,  20,  20,  20,  20,  20,  20,  20,  20,  20,  20,  20,  20,  20,  20,  20,  20,  20,  20,  20,  20,  20,  20,  20,  20,  20, 145, 143, 144, 141, 142, 139, 140, 152, 153, 150, 151, 148, 149, 146, 147, 161, 160, 159, 158, 157, 156, 155, 154, 164, 163, 162,  20,  20] * VAR
165: [ 20,  20,  20,  20,  20, 168, 167, 166, 165, 172, 171, 170, 169,  20,  20,  20,  20,  20,  20,  20,  20,  20,  20,  20,  20,  20,  20,  20,  20,  20,  20,  20,  20,  20,  20,  20,  20,  20,  20,  20,  20,  20,  20,  20,  20,  20,  20,  20,  20,  20,  20,  20,  20,  20,  20,  20,  20,  20,  20,  20,  20,  20,  20,  20,  20,  20,  20,  20,  20,  20,  20,  20,  20] * OCTAL
166: [ 20,  20,  20,  20,  20, 168, 167, 166, 165, 172, 171, 170, 169,  20,  20,  20,  20,  20,  20,  20,  20,  20,  20,  20,  20,  20,  20,  20,  20,  20,  20,  20,  20,  20,  20,  20,  20,  20,  20,  20,  20,  20,  20,  20,  20,  20,  20,  20,  20,  20,  20,  20,  20,  20,  20,  20,  20,  20,  20,  20,  20,  20,  20,  20,  20,  20,  20,  20,  20,  20,  20,  20,  20] * OCTAL
167: [ 20,  20,  20,  20,  20, 168, 167, 166, 165, 172, 171, 170, 169,  20,  20,  20,  20,  20,  20,  20,  20,  20,  20,  20,  20,  20,  20,  20,  20,  20,  20,  20,  20,  20,  20,  20,  20,  20,  20,  20,  20,  20,  20,  20,  20,  20,  20,  20,  20,  20,  20,  20,  20,  20,  20,  20,  20,  20,  20,  20,  20,  20,  20,  20,  20,  20,  20,  20,  20,  20,  20,  20,  20] * OCTAL
168: [ 20,  20,  20,  20,  20, 168, 167, 166, 165, 172, 171, 170, 169,  20,  20,  20,  20,  20,  20,  20,  20,  20,  20,  20,  20,  20,  20,  20,  20,  20,  20,  20,  20,  20,  20,  20,  20,  20,  20,  20,  20,  20,  20,  20,  20,  20,  20,  20,  20,  20,  20,  20,  20,  20,  20,  20,  20,  20,  20,  20,  20,  20,  20,  20,  20,  20,  20,  20,  20,  20,  20,  20,  20] * OCTAL
169: [ 20,  20,  20,  20,  20, 168, 167, 166, 165, 172, 171, 170, 169,  20,  20,  20,  20,  20,  20,  20,  20,  20,  20,  20,  20,  20,  20,  20,  20,  20,  20,  20,  20,  20,  20,  20,  20,  20,  20,  20,  20,  20,  20,  20,  20,  20,  20,  20,  20,  20,  20,  20,  20,  20,  20,  20,  20,  20,  20,  20,  20,  20,  20,  20,  20,  20,  20,  20,  20,  20,  20,  20,  20] * OCTAL
170: [ 20,  20,  20,  20,  20, 168, 167, 166, 165, 172, 171, 170, 169,  20,  20,  20,  20,  20,  20,  20,  20,  20,  20,  20,  20,  20,  20,  20,  20,  20,  20,  20,  20,  20,  20,  20,  20,  20,  20,  20,  20,  20,  20,  20,  20,  20,  20,  20,  20,  20,  20,  20,  20,  20,  20,  20,  20,  20,  20,  20,  20,  20,  20,  20,  20,  20,  20,  20,  20,  20,  20,  20,  20] * OCTAL
171: [ 20,  20,  20,  20,  20, 168, 167, 166, 165, 172, 171, 170, 169,  20,  20,  20,  20,  20,  20,  20,  20,  20,  20,  20,  20,  20,  20,  20,  20,  20,  20,  20,  20,  20,  20,  20,  20,  20,  20,  20,  20,  20,  20,  20,  20,  20,  20,  20,  20,  20,  20,  20,  20,  20,  20,  20,  20,  20,  20,  20,  20,  20,  20,  20,  20,  20,  20,  20,  20,  20,  20,  20,  20] * OCTAL
172: [ 20,  20,  20,  20,  20, 168, 167, 166, 165, 172, 171, 170, 169,  20,  20,  20,  20,  20,  20,  20,  20,  20,  20,  20,  20,  20,  20,  20,  20,  20,  20,  20,  20,  20,  20,  20,  20,  20,  20,  20,  20,  20,  20,  20,  20,  20,  20,  20,  20,  20,  20,  20,  20,  20,  20,  20,  20,  20,  20,  20,  20,  20,  20,  20,  20,  20,  20,  20,  20,  20,  20,  20,  20] * OCTAL
173: [ 20,  20,  20,  20,  20, 194, 193, 192, 191, 198, 197, 196, 195, 200, 199,  20,  20,  20,  20, 204, 205, 206, 201, 202, 203,  20,  20,  20,  20,  20,  20,  20,  20,  20,  20,  20,  20,  20,  20,  20,  20,  20,  20,  20,  20,  20,  20,  20,  20,  20,  20,  20,  20,  20,  20,  20,  20,  20,  20,  20,  20,  20,  20,  20,  20,  20,  20,  20,  20,  20,  20,  20,  20] * HEX
174: [ 20,  20,  20,  20,  20, 194, 193, 192, 191, 198, 197, 196, 195, 200, 199,  20,  20,  20,  20, 204, 205, 206, 201, 202, 203,  20,  20,  20,  20,  20,  20,  20,  20,  20,  20,  20,  20,  20,  20,  20,  20,  20,  20,  20,  20,  20,  20,  20,  20,  20,  20,  20,  20,  20,  20,  20,  20,  20,  20,  20,  20,  20,  20,  20,  20,  20,  20,  20,  20,  20,  20,  20,  20] * HEX
175: [ 20,  20,  20,  20,  20, 194, 193, 192, 191, 198, 197, 196, 195, 200, 199,  20,  20,  20,  20, 204, 205, 206, 201, 202, 203,  20,  20,  20,  20,  20,  20,  20,  20,  20,  20,  20,  20,  20,  20,  20,  20,  20,  20,  20,  20,  20,  20,  20,  20,  20,  20,  20,  20,  20,  20,  20,  20,  20,  20,  20,  20,  20,  20,  20,  20,  20,  20,  20,  20,  20,  20,  20,  20] * HEX
176: [ 20,  20,  20,  20,  20, 194, 193, 192, 191, 198, 197, 196, 195, 200, 199,  20,  20,  20,  20, 204, 205, 206, 201, 202, 203,  20,  20,  20,  20,  20,  20,  20,  20,  20,  20,  20,  20,  20,  20,  20,  20,  20,  20,  20,  20,  20,  20,  20,  20,  20,  20,  20,  20,  20,  20,  20,  20,  20,  20,  20,  20,  20,  20,  20,  20,  20,  20,  20,  20,  20,  20,  20,  20] * HEX
177: [ 20,  20,  20,  20,  20, 194, 193, 192, 191, 198, 197, 196, 195, 200, 199,  20,  20,  20,  20, 204, 205, 206, 201, 202, 203,  20,  20,  20,  20,  20,  20,  20,  20,  20,  20,  20,  20,  20,  20,  20,  20,  20,  20,  20,  20,  20,  20,  20,  20,  20,  20,  20,  20,  20,  20,  20,  20,  20,  20,  20,  20,  20,  20,  20,  20,  20,  20,  20,  20,  20,  20,  20,  20] * HEX
178: [ 20,  20,  20,  20,  20, 194, 193, 192, 191, 198, 197, 196, 195, 200, 199,  20,  20,  20,  20, 204, 205, 206, 201, 202, 203,  20,  20,  20,  20,  20,  20,  20,  20,  20,  20,  20,  20,  20,  20,  20,  20,  20,  20,  20,  20,  20,  20,  20,  20,  20,  20,  20,  20,  20,  20,  20,  20,  20,  20,  20,  20,  20,  20,  20,  20,  20,  20,  20,  20,  20,  20,  20,  20] * HEX
179: [ 20,  20,  20,  20,  20, 194, 193, 192, 191, 198, 197, 196, 195, 200, 199,  20,  20,  20,  20, 204, 205, 206, 201, 202, 203,  20,  20,  20,  20,  20,  20,  20,  20,  20,  20,  20,  20,  20,  20,  20,  20,  20,  20,  20,  20,  20,  20,  20,  20,  20,  20,  20,  20,  20,  20,  20,  20,  20,  20,  20,  20,  20,  20,  20,  20,  20,  20,  20,  20,  20,  20,  20,  20] * HEX
180: [ 20,  20,  20,  20,  20, 194, 193, 192, 191, 198, 197, 196, 195, 200, 199,  20,  20,  20,  20, 204, 205, 206, 201, 202, 203,  20,  20,  20,  20,  20,  20,  20,  20,  20,  20,  20,  20,  20,  20,  20,  20,  20,  20,  20,  20,  20,  20,  20,  20,  20,  20,  20,  20,  20,  20,  20,  20,  20,  20,  20,  20,  20,  20,  20,  20,  20,  20,  20,  20,  20,  20,  20,  20] * HEX
181: [ 20,  20,  20,  20,  20, 194, 193, 192, 191, 198, 197, 196, 195, 200, 199,  20,  20,  20,  20, 204, 205, 206, 201, 202, 203,  20,  20,  20,  20,  20,  20,  20,  20,  20,  20,  20,  20,  20,  20,  20,  20,  20,  20,  20,  20,  20,  20,  20,  20,  20,  20,  20,  20,  20,  20,  20,  20,  20,  20,  20,  20,  20,  20,  20,  20,  20,  20,  20,  20,  20,  20,  20,  20] * HEX
182: [ 20,  20,  20,  20,  20, 194, 193, 192, 191, 198, 197, 196, 195, 200, 199,  20,  20,  20,  20, 204, 205, 206, 201, 202, 203,  20,  20,  20,  20,  20,  20,  20,  20,  20,  20,  20,  20,  20,  20,  20,  20,  20,  20,  20,  20,  20,  20,  20,  20,  20,  20,  20,  20,  20,  20,  20,  20,  20,  20,  20,  20,  20,  20,  20,  20,  20,  20,  20,  20,  20,  20,  20,  20] * HEX
183: [ 20,  20,  20,  20,  20, 194, 193, 192, 191, 198, 197, 196, 195, 200, 199,  20,  20,  20,  20, 204, 205, 206, 201, 202, 203,  20,  20,  20,  20,  20,  20,  20,  20,  20,  20,  20,  20,  20,  20,  20,  20,  20,  20,  20,  20,  20,  20,  20,  20,  20,  20,  20,  20,  20,  20,  20,  20,  20,  20,  20,  20,  20,  20,  20,  20,  20,  20,  20,  20,  20,  20,  20,  20] * HEX
184: [ 20,  20,  20,  20,  20, 194, 193, 192, 191, 198, 197, 196, 195, 200, 199,  20,  20,  20,  20, 204, 205, 206, 201, 202, 203,  20,  20,  20,  20,  20,  20,  20,  20,  20,  20,  20,  20,  20,  20,  20,  20,  20,  20,  20,  20,  20,  20,  20,  20,  20,  20,  20,  20,  20,  20,  20,  20,  20,  20,  20,  20,  20,  20,  20,  20,  20,  20,  20,  20,  20,  20,  20,  20] * HEX
185: [ 20,  20,  20,  20,  20, 194, 193, 192, 191, 198, 197, 196, 195, 200, 199,  20,  20,  20,  20, 204, 205, 206, 201, 202, 203,  20,  20,  20,  20,  20,  20,  20,  20,  20,  20,  20,  20,  20,  20,  20,  20,  20,  20,  20,  20,  20,  20,  20,  20,  20,  20,  20,  20,  20,  20,  20,  20,  20,  20,  20,  20,  20,  20,  20,  20,  20,  20,  20,  20,  20,  20,  20,  20] * HEX
186: [ 20,  20,  20,  20,  20, 194, 193, 192, 191, 198, 197, 196, 195, 200, 199,  20,  20,  20,  20, 204, 205, 206, 201, 202, 203,  20,  20,  20,  20,  20,  20,  20,  20,  20,  20,  20,  20,  20,  20,  20,  20,  20,  20,  20,  20,  20,  20,  20,  20,  20,  20,  20,  20,  20,  20,  20,  20,  20,  20,  20,  20,  20,  20,  20,  20,  20,  20,  20,  20,  20,  20,  20,  20] * HEX
187: [ 20,  20,  20,  20,  20, 194, 193, 192, 191, 198, 197, 196, 195, 200, 199,  20,  20,  20,  20, 204, 205, 206, 201, 202, 203,  20,  20,  20,  20,  20,  20,  20,  20,  20,  20,  20,  20,  20,  20,  20,  20,  20,  20,  20,  20,  20,  20,  20,  20,  20,  20,  20,  20,  20,  20,  20,  20,  20,  20,  20,  20,  20,  20,  20,  20,  20,  20,  20,  20,  20,  20,  20,  20] * HEX
188: [ 20,  20,  20,  20,  20, 194, 193, 192, 191, 198, 197, 196, 195, 200, 199,  20,  20,  20,  20, 204, 205, 206, 201, 202, 203,  20,  20,  20,  20,  20,  20,  20,  20,  20,  20,  20,  20,  20,  20,  20,  20,  20,  20,  20,  20,  20,  20,  20,  20,  20,  20,  20,  20,  20,  20,  20,  20,  20,  20,  20,  20,  20,  20,  20,  20,  20,  20,  20,  20,  20,  20,  20,  20] * HEX
189: [ 20,  20,  20,  20,  20,  20,  20,  20,  20,  20,  20,  20,  20,  20,  20,  20,  20,  20,  20,  20,  20,  20,  20,  20,  20,  20,  20,  20,  20,  20,  20,  20,  20,  20,  20,  20,  20,  20,  20,  20,  20,  20,  20,  20,  20,  20,  20,  20,  20,  20,  20,  20,  20,  20,  20,  20,  20,  20,  20,  20,  20,  20,  20,  20,  20,  20,  20,  20,  20,  20,  20,  20,  20] * FOR
190: [ 20,  20,  20,  20,  20,  20,  20,  20,  20,  20,  20,  20,  20,  20,  20,  20,  20,  20,  20,  20,  20,  20,  20,  20,  20,  20,  20,  20,  20,  20,  20,  20, 207,  20,  20,  20,  20,  20,  20,  20,  20,  20,  20,  20,  20,  20,  20,  20,  20,  20,  20,  20,  20,  20,  20,  20,  20,  20,  20,  20,  20,  20,  20,  20,  20,  20,  20,  20,  20,  20,  20,  20,  20]
191: [ 20,  20,  20,  20,  20, 194, 193, 192, 191, 198, 197, 196, 195, 200, 199,  20,  20,  20,  20, 204, 205, 206, 201, 202, 203,  20,  20,  20,  20,  20,  20,  20,  20,  20,  20,  20,  20,  20,  20,  20,  20,  20,  20,  20,  20,  20,  20,  20,  20,  20,  20,  20,  20,  20,  20,  20,  20,  20,  20,  20,  20,  20,  20,  20,  20,  20,  20,  20,  20,  20,  20,  20,  20] * HEX
192: [ 20,  20,  20,  20,  20, 194, 193, 192, 191, 198, 197, 196, 195, 200, 199,  20,  20,  20,  20, 204, 205, 206, 201, 202, 203,  20,  20,  20,  20,  20,  20,  20,  20,  20,  20,  20,  20,  20,  20,  20,  20,  20,  20,  20,  20,  20,  20,  20,  20,  20,  20,  20,  20,  20,  20,  20,  20,  20,  20,  20,  20,  20,  20,  20,  20,  20,  20,  20,  20,  20,  20,  20,  20] * HEX
193: [ 20,  20,  20,  20,  20, 194, 193, 192, 191, 198, 197, 196, 195, 200, 199,  20,  20,  20,  20, 204, 205, 206, 201, 202, 203,  20,  20,  20,  20,  20,  20,  20,  20,  20,  20,  20,  20,  20,  20,  20,  20,  20,  20,  20,  20,  20,  20,  20,  20,  20,  20,  20,  20,  20,  20,  20,  20,  20,  20,  20,  20,  20,  20,  20,  20,  20,  20,  20,  20,  20,  20,  20,  20] * HEX
194: [ 20,  20,  20,  20,  20, 194, 193, 192, 191, 198, 197, 196, 195, 200, 199,  20,  20,  20,  20, 204, 205, 206, 201, 202, 203,  20,  20,  20,  20,  20,  20,  20,  20,  20,  20,  20,  20,  20,  20,  20,  20,  20,  20,  20,  20,  20,  20,  20,  20,  20,  20,  20,  20,  20,  20,  20,  20,  20,  20,  20,  20,  20,  20,  20,  20,  20,  20,  20,  20,  20,  20,  20,  20] * HEX
195: [ 20,  20,  20,  20,  20, 194, 193, 192, 191, 198, 197, 196, 195, 200, 199,  20,  20,  20,  20, 204, 205, 206, 201, 202, 203,  20,  20,  20,  20,  20,  20,  20,  20,  20,  20,  20,  20,  20,  20,  20,  20,  20,  20,  20,  20,  20,  20,  20,  20,  20,  20,  20,  20,  20,  20,  20,  20,  20,  20,  20,  20,  20,  20,  20,  20,  20,  20,  20,  20,  20,  20,  20,  20] * HEX
196: [ 20,  20,  20,  20,  20, 194, 193, 192, 191, 198, 197, 196, 195, 200, 199,  20,  20,  20,  20, 204, 205, 206, 201, 202, 203,  20,  20,  20,  20,  20,  20,  20,  20,  20,  20,  20,  20,  20,  20,  20,  20,  20,  20,  20,  20,  20,  20,  20,  20,  20,  20,  20,  20,  20,  20,  20,  20,  20,  20,  20,  20,  20,  20,  20,  20,  20,  20,  20,  20,  20,  20,  20,  20] * HEX
197: [ 20,  20,  20,  20,  20, 194, 193, 192, 191, 198, 197, 196, 195, 200, 199,  20,  20,  20,  20, 204, 205, 206, 201, 202, 203,  20,  20,  20,  20,  20,  20,  20,  20,  20,  20,  20,  20,  20,  20,  20,  20,  20,  20,  20,  20,  20,  20,  20,  20,  20,  20,  20,  20,  20,  20,  20,  20,  20,  20,  20,  20,  20,  20,  20,  20,  20,  20,  20,  20,  20,  20,  20,  20] * HEX
198: [ 20,  20,  20,  20,  20, 194, 193, 192, 191, 198, 197, 196, 195, 200, 199,  20,  20,  20,  20, 204, 205, 206, 201, 202, 203,  20,  20,  20,  20,  20,  20,  20,  20,  20,  20,  20,  20,  20,  20,  20,  20,  20,  20,  20,  20,  20,  20,  20,  20,  20,  20,  20,  20,  20,  20,  20,  20,  20,  20,  20,  20,  20,  20,  20,  20,  20,  20,  20,  20,  20,  20,  20,  20] * HEX
199: [ 20,  20,  20,  20,  20, 194, 193, 192, 191, 198, 197, 196, 195, 200, 199,  20,  20,  20,  20, 204, 205, 206, 201, 202, 203,  20,  20,  20,  20,  20,  20,  20,  20,  20,  20,  20,  20,  20,  20,  20,  20,  20,  20,  20,  20,  20,  20,  20,  20,  20,  20,  20,  20,  20,  20,  20,  20,  20,  20,  20,  20,  20,  20,  20,  20,  20,  20,  20,  20,  20,  20,  20,  20] * HEX
200: [ 20,  20,  20,  20,  20, 194, 193, 192, 191, 198, 197, 196, 195, 200, 199,  20,  20,  20,  20, 204, 205, 206, 201, 202, 203,  20,  20,  20,  20,  20,  20,  20,  20,  20,  20,  20,  20,  20,  20,  20,  20,  20,  20,  20,  20,  20,  20,  20,  20,  20,  20,  20,  20,  20,  20,  20,  20,  20,  20,  20,  20,  20,  20,  20,  20,  20,  20,  20,  20,  20,  20,  20,  20] * HEX
201: [ 20,  20,  20,  20,  20, 194, 193, 192, 191, 198, 197, 196, 195, 200, 199,  20,  20,  20,  20, 204, 205, 206, 201, 202, 203,  20,  20,  20,  20,  20,  20,  20,  20,  20,  20,  20,  20,  20,  20,  20,  20,  20,  20,  20,  20,  20,  20,  20,  20,  20,  20,  20,  20,  20,  20,  20,  20,  20,  20,  20,  20,  20,  20,  20,  20,  20,  20,  20,  20,  20,  20,  20,  20] * HEX
202: [ 20,  20,  20,  20,  20, 194, 193, 192, 191, 198, 197, 196, 195, 200, 199,  20,  20,  20,  20, 204, 205, 206, 201, 202, 203,  20,  20,  20,  20,  20,  20,  20,  20,  20,  20,  20,  20,  20,  20,  20,  20,  20,  20,  20,  20,  20,  20,  20,  20,  20,  20,  20,  20,  20,  20,  20,  20,  20,  20,  20,  20,  20,  20,  20,  20,  20,  20,  20,  20,  20,  20,  20,  20] * HEX
203: [ 20,  20,  20,  20,  20, 194, 193, 192, 191, 198, 197, 196, 195, 200, 199,  20,  20,  20,  20, 204, 205, 206, 201, 202, 203,  20,  20,  20,  20,  20,  20,  20,  20,  20,  20,  20,  20,  20,  20,  20,  20,  20,  20,  20,  20,  20,  20,  20,  20,  20,  20,  20,  20,  20,  20,  20,  20,  20,  20,  20,  20,  20,  20,  20,  20,  20,  20,  20,  20,  20,  20,  20,  20] * HEX
204: [ 20,  20,  20,  20,  20, 194, 193, 192, 191, 198, 197, 196, 195, 200, 199,  20,  20,  20,  20, 204, 205, 206, 201, 202, 203,  20,  20,  20,  20,  20,  20,  20,  20,  20,  20,  20,  20,  20,  20,  20,  20,  20,  20,  20,  20,  20,  20,  20,  20,  20,  20,  20,  20,  20,  20,  20,  20,  20,  20,  20,  20,  20,  20,  20,  20,  20,  20,  20,  20,  20,  20,  20,  20] * HEX
205: [ 20,  20,  20,  20,  20, 194, 193, 192, 191, 198, 197, 196, 195, 200, 199,  20,  20,  20,  20, 204, 205, 206, 201, 202, 203,  20,  20,  20,  20,  20,  20,  20,  20,  20,  20,  20,  20,  20,  20,  20,  20,  20,  20,  20,  20,  20,  20,  20,  20,  20,  20,  20,  20,  20,  20,  20,  20,  20,  20,  20,  20,  20,  20,  20,  20,  20,  20,  20,  20,  20,  20,  20,  20] * HEX
206: [ 20,  20,  20,  20,  20, 194, 193, 192, 191, 198, 197, 196, 195, 200, 199,  20,  20,  20,  20, 204, 205, 206, 201, 202, 203,  20,  20,  20,  20,  20,  20,  20,  20,  20,  20,  20,  20,  20,  20,  20,  20,  20,  20,  20,  20,  20,  20,  20,  20,  20,  20,  20,  20,  20,  20,  20,  20,  20,  20,  20,  20,  20,  20,  20,  20,  20,  20,  20,  20,  20,  20,  20,  20] * HEX
207: [ 20,  20,  20,  20,  20,  20,  20,  20,  20,  20,  20,  20,  20,  20,  20,  20,  20,  20,  20,  20,  20,  20,  20,  20,  20,  20,  20,  20,  20,  20,  20,  20,  20,  20,  20,  20,  20,  20, 208,  20,  20,  20,  20,  20,  20,  20,  20,  20,  20,  20,  20,  20,  20,  20,  20,  20,  20,  20,  20,  20,  20,  20,  20,  20,  20,  20,  20,  20,  20,  20,  20,  20,  20]
208: [ 20,  20,  20,  20,  20,  20,  20,  20,  20,  20,  20,  20,  20,  20,  20,  20,  20,  20,  20,  20,  20,  20,  20,  20,  20,  20,  20,  20,  20,  20,  20,  20,  20,  20,  20,  20,  20,  20,  20,  20,  20,  20,  20,  20,  20,  20,  20,  20,  20,  20,  20,  20,  20,  20,  20,  20,  20,  20,  20,  20,  20,  20,  20,  20,  20,  20,  20,  20,  20,  20,  20,  20,  20] * PRINT
     <  ",   (,   ),   +,   -,   0,   1,   2,   3,   4,   5,   6,   7,   8,   9,   ;,   <,   =,   >,   A,   B,   C,   D,   E,   F,   G,   H,   I,   J,   K,   L,   M,   N,   O,   P,   Q,   R,   S,   T,   U,   V,   W,   X,   Y,   Z,   a,   b,   c,   d,   e,   f,   g,   h,   i,   j,   k,   l,   m,   n,   o,   p,   q,   r,   s,   t,   u,   v,   w,   x,   y,   z,   {,   }>


Table Walker Output:

FOR FOR
PARENL (
VAR i
EQUALS =
INT 0
SEMICOLON ;
VAR i
LESS <
INT 5
SEMICOLON ;
VAR i
DEC --
PARENR )
CURLYL {
PRINT PRINT
STRING "hello"
SEMICOLON ;
PRINT PRINT
STRING "0x0F13A"
SEMICOLON ;
PRINT PRINT
STRING "0123"
SEMICOLON ;
CURLYR }
VAR i
INC ++
SEMICOLON ;
VAR i
DEC --
SEMICOLON ;
VAR i
EQUALS =
INT 5
ADD +
HEX 0x5F
SEMICOLON ;
